Archive member included to satisfy reference by file (symbol)

c:/program files (x86)/atmel/studio/7.0/toolchain/arm/arm-gnu-toolchain/bin/../lib/gcc/arm-none-eabi/5.3.1/armv7e-m\libgcc.a(_aeabi_uldivmod.o)
                              src/wifi.o (__aeabi_uldivmod)
c:/program files (x86)/atmel/studio/7.0/toolchain/arm/arm-gnu-toolchain/bin/../lib/gcc/arm-none-eabi/5.3.1/armv7e-m\libgcc.a(_udivmoddi4.o)
                              c:/program files (x86)/atmel/studio/7.0/toolchain/arm/arm-gnu-toolchain/bin/../lib/gcc/arm-none-eabi/5.3.1/armv7e-m\libgcc.a(_aeabi_uldivmod.o) (__udivmoddi4)
c:/program files (x86)/atmel/studio/7.0/toolchain/arm/arm-gnu-toolchain/bin/../lib/gcc/arm-none-eabi/5.3.1/armv7e-m\libgcc.a(_dvmd_tls.o)
                              c:/program files (x86)/atmel/studio/7.0/toolchain/arm/arm-gnu-toolchain/bin/../lib/gcc/arm-none-eabi/5.3.1/armv7e-m\libgcc.a(_aeabi_uldivmod.o) (__aeabi_ldiv0)
c:/program files (x86)/atmel/studio/7.0/toolchain/arm/arm-gnu-toolchain/bin/../lib/gcc/arm-none-eabi/5.3.1/../../../../arm-none-eabi/lib/armv7e-m\libc.a(lib_a-exit.o)
                              c:/program files (x86)/atmel/studio/7.0/toolchain/arm/arm-gnu-toolchain/bin/../lib/gcc/arm-none-eabi/5.3.1/../../../../arm-none-eabi/lib/armv7e-m/crt0.o (exit)
c:/program files (x86)/atmel/studio/7.0/toolchain/arm/arm-gnu-toolchain/bin/../lib/gcc/arm-none-eabi/5.3.1/../../../../arm-none-eabi/lib/armv7e-m\libc.a(lib_a-impure.o)
                              c:/program files (x86)/atmel/studio/7.0/toolchain/arm/arm-gnu-toolchain/bin/../lib/gcc/arm-none-eabi/5.3.1/../../../../arm-none-eabi/lib/armv7e-m\libc.a(lib_a-exit.o) (_global_impure_ptr)
c:/program files (x86)/atmel/studio/7.0/toolchain/arm/arm-gnu-toolchain/bin/../lib/gcc/arm-none-eabi/5.3.1/../../../../arm-none-eabi/lib/armv7e-m\libc.a(lib_a-init.o)
                              c:/program files (x86)/atmel/studio/7.0/toolchain/arm/arm-gnu-toolchain/bin/../lib/gcc/arm-none-eabi/5.3.1/../../../../arm-none-eabi/lib/armv7e-m/crt0.o (__libc_init_array)
c:/program files (x86)/atmel/studio/7.0/toolchain/arm/arm-gnu-toolchain/bin/../lib/gcc/arm-none-eabi/5.3.1/../../../../arm-none-eabi/lib/armv7e-m\libc.a(lib_a-memset.o)
                              c:/program files (x86)/atmel/studio/7.0/toolchain/arm/arm-gnu-toolchain/bin/../lib/gcc/arm-none-eabi/5.3.1/../../../../arm-none-eabi/lib/armv7e-m/crt0.o (memset)
c:/program files (x86)/atmel/studio/7.0/toolchain/arm/arm-gnu-toolchain/bin/../lib/gcc/arm-none-eabi/5.3.1/../../../../arm-none-eabi/lib/armv7e-m\libc.a(lib_a-sprintf.o)
                              src/wifi.o (sprintf)
c:/program files (x86)/atmel/studio/7.0/toolchain/arm/arm-gnu-toolchain/bin/../lib/gcc/arm-none-eabi/5.3.1/../../../../arm-none-eabi/lib/armv7e-m\libc.a(lib_a-strstr.o)
                              src/wifi.o (strstr)
c:/program files (x86)/atmel/studio/7.0/toolchain/arm/arm-gnu-toolchain/bin/../lib/gcc/arm-none-eabi/5.3.1/../../../../arm-none-eabi/lib/armv7e-m\libc.a(lib_a-svfprintf.o)
                              c:/program files (x86)/atmel/studio/7.0/toolchain/arm/arm-gnu-toolchain/bin/../lib/gcc/arm-none-eabi/5.3.1/../../../../arm-none-eabi/lib/armv7e-m\libc.a(lib_a-sprintf.o) (_svfprintf_r)
c:/program files (x86)/atmel/studio/7.0/toolchain/arm/arm-gnu-toolchain/bin/../lib/gcc/arm-none-eabi/5.3.1/../../../../arm-none-eabi/lib/armv7e-m\libc.a(lib_a-__call_atexit.o)
                              c:/program files (x86)/atmel/studio/7.0/toolchain/arm/arm-gnu-toolchain/bin/../lib/gcc/arm-none-eabi/5.3.1/../../../../arm-none-eabi/lib/armv7e-m\libc.a(lib_a-exit.o) (__call_exitprocs)
c:/program files (x86)/atmel/studio/7.0/toolchain/arm/arm-gnu-toolchain/bin/../lib/gcc/arm-none-eabi/5.3.1/../../../../arm-none-eabi/lib/armv7e-m\libc.a(lib_a-atexit.o)
                              c:/program files (x86)/atmel/studio/7.0/toolchain/arm/arm-gnu-toolchain/bin/../lib/gcc/arm-none-eabi/5.3.1/../../../../arm-none-eabi/lib/armv7e-m\libc.a(lib_a-__call_atexit.o) (atexit)
c:/program files (x86)/atmel/studio/7.0/toolchain/arm/arm-gnu-toolchain/bin/../lib/gcc/arm-none-eabi/5.3.1/../../../../arm-none-eabi/lib/armv7e-m\libc.a(lib_a-dtoa.o)
                              c:/program files (x86)/atmel/studio/7.0/toolchain/arm/arm-gnu-toolchain/bin/../lib/gcc/arm-none-eabi/5.3.1/../../../../arm-none-eabi/lib/armv7e-m\libc.a(lib_a-svfprintf.o) (_dtoa_r)
c:/program files (x86)/atmel/studio/7.0/toolchain/arm/arm-gnu-toolchain/bin/../lib/gcc/arm-none-eabi/5.3.1/../../../../arm-none-eabi/lib/armv7e-m\libc.a(lib_a-fini.o)
                              c:/program files (x86)/atmel/studio/7.0/toolchain/arm/arm-gnu-toolchain/bin/../lib/gcc/arm-none-eabi/5.3.1/../../../../arm-none-eabi/lib/armv7e-m\libc.a(lib_a-__call_atexit.o) (__libc_fini_array)
c:/program files (x86)/atmel/studio/7.0/toolchain/arm/arm-gnu-toolchain/bin/../lib/gcc/arm-none-eabi/5.3.1/../../../../arm-none-eabi/lib/armv7e-m\libc.a(lib_a-locale.o)
[...]
Memory Configuration

Name             Origin             Length             Attributes
rom              0x00400000         0x00080000         xr
ram              0x20000000         0x00020000         xrw
*default*        0x00000000         0xffffffff

Linker script and memory map

LOAD c:/program files (x86)/atmel/studio/7.0/toolchain/arm/arm-gnu-toolchain/bin/../lib/gcc/arm-none-eabi/5.3.1/armv7e-m/crti.o
LOAD c:/program files (x86)/atmel/studio/7.0/toolchain/arm/arm-gnu-toolchain/bin/../lib/gcc/arm-none-eabi/5.3.1/armv7e-m/crtbegin.o
LOAD c:/program files (x86)/atmel/studio/7.0/toolchain/arm/arm-gnu-toolchain/bin/../lib/gcc/arm-none-eabi/5.3.1/../../../../arm-none-eabi/lib/armv7e-m/crt0.o
LOAD src/ASF/sam/drivers/tc/tc.o
LOAD src/wifi.o
LOAD src/ASF/common/services/clock/sam4s/sysclk.o
LOAD src/ASF/common/services/delay/sam/cycle_counter.o
LOAD src/ASF/common/services/serial/usart_serial.o
LOAD src/ASF/sam/drivers/pdc/pdc.o
LOAD src/ASF/sam/drivers/pio/pio.o
LOAD src/ASF/sam/drivers/pio/pio_handler.o
LOAD src/ASF/sam/drivers/pmc/pmc.o
LOAD src/ASF/sam/drivers/pmc/sleep.o
LOAD src/ASF/sam/drivers/twi/twi.o
LOAD src/ASF/sam/drivers/uart/uart.o
LOAD src/ASF/sam/drivers/usart/usart.o
LOAD src/ASF/sam/drivers/wdt/wdt.o
LOAD src/camera.o
LOAD src/main.o
LOAD src/ov2640.o
LOAD src/ov2640_table_registers.o
LOAD src/timer_interface.o
LOAD src/ASF/common/boards/user_board/init.o
LOAD src/ASF/common/utils/interrupt/interrupt_sam_nvic.o
LOAD src/ASF/sam/utils/cmsis/sam4s/source/templates/gcc/startup_sam4s.o
LOAD src/ASF/sam/utils/cmsis/sam4s/source/templates/system_sam4s.o
LOAD src/ASF/sam/utils/syscalls/gcc/syscalls.o
START GROUP
LOAD ../src/ASF/thirdparty/CMSIS/Lib/GCC\libarm_cortexM4l_math.a
LOAD c:/program files (x86)/atmel/studio/7.0/toolchain/arm/arm-gnu-toolchain/bin/../lib/gcc/arm-none-eabi/5.3.1/../../../../arm-none-eabi/lib/armv7e-m\libm.a
END GROUP
START GROUP
LOAD c:/program files (x86)/atmel/studio/7.0/toolchain/arm/arm-gnu-toolchain/bin/../lib/gcc/arm-none-eabi/5.3.1/armv7e-m\libgcc.a
LOAD c:/program files (x86)/atmel/studio/7.0/toolchain/arm/arm-gnu-toolchain/bin/../lib/gcc/arm-none-eabi/5.3.1/../../../../arm-none-eabi/lib/armv7e-m\libc.a
END GROUP
LOAD c:/program files (x86)/atmel/studio/7.0/toolchain/arm/arm-gnu-toolchain/bin/../lib/gcc/arm-none-eabi/5.3.1/armv7e-m/crtend.o
LOAD c:/program files (x86)/atmel/studio/7.0/toolchain/arm/arm-gnu-toolchain/bin/../lib/gcc/arm-none-eabi/5.3.1/armv7e-m/crtn.o
                0x00003000                __stack_size__ = DEFINED (__stack_size__)?__stack_size__:0x3000
                0x2001fffc                __ram_end__ = ((ORIGIN (ram) + LENGTH (ram)) - 0x4)

.text           0x00400000     0x9540
                0x00400000                . = ALIGN (0x4)
                0x00400000                _sfixed = .
 *(.vectors .vectors.*)
 .vectors       0x00400000       0xcc src/ASF/sam/utils/cmsis/sam4s/source/templates/gcc/startup_sam4s.o
                0x00400000                exception_table
 *(.text .text.* .gnu.linkonce.t.*)
 .text          0x004000cc       0x5c c:/program files (x86)/atmel/studio/7.0/toolchain/arm/arm-gnu-toolchain/bin/../lib/gcc/arm-none-eabi/5.3.1/armv7e-m/crtbegin.o
 .text.tc_init  0x00400128       0x38 src/ASF/sam/drivers/tc/tc.o
                0x00400128                tc_init
 .text.tc_start
                0x00400160       0x20 src/ASF/sam/drivers/tc/tc.o
                0x00400160                tc_start
 .text.tc_write_rc
                0x00400180       0x24 src/ASF/sam/drivers/tc/tc.o
                0x00400180                tc_write_rc
 .text.tc_enable_interrupt
                0x004001a4       0x28 src/ASF/sam/drivers/tc/tc.o
                0x004001a4                tc_enable_interrupt
 .text.tc_get_status
                0x004001cc       0x24 src/ASF/sam/drivers/tc/tc.o
                0x004001cc                tc_get_status
 .text.tc_find_mck_divisor
                0x004001f0       0xa4 src/ASF/sam/drivers/tc/tc.o
                0x004001f0                tc_find_mck_divisor
 .text.NVIC_EnableIRQ
                0x00400294       0x30 src/wifi.o
 .text.osc_get_rate
                0x004002c4       0x74 src/wifi.o
 .text.sysclk_get_main_hz
                0x00400338       0x1c src/wifi.o
 .text.sysclk_get_cpu_hz
                0x00400354       0x14 src/wifi.o
 .text.sysclk_get_peripheral_hz
                0x00400368       0x14 src/wifi.o
 .text.sysclk_enable_peripheral_clock
                0x0040037c       0x1c src/wifi.o
 .text.ioport_get_pin_level
                0x00400398       0x50 src/wifi.o
 .text.USART0_Handler
                0x004003e8       0x48 src/wifi.o
                0x004003e8                USART0_Handler
 .text.process_IncomingByte_wifi
                0x00400430       0x2c src/wifi.o
                0x00400430                process_IncomingByte_wifi
 .text.wifi_command_response_handler
                0x0040045c       0x48 src/wifi.o
                0x0040045c                wifi_command_response_handler
 .text.process_data_wifi
                0x004004a4      0x100 src/wifi.o
                0x004004a4                process_data_wifi
 .text.configure_wifi_comm_pin
                0x004005a4       0x50 src/wifi.o
                0x004005a4                configure_wifi_comm_pin
 .text.configure_usart_wifi
                0x004005f4       0x90 src/wifi.o
                0x004005f4                configure_usart_wifi
 .text.wifi_web_setup_handler
                0x00400684       0xd8 src/wifi.o
                0x00400684                wifi_web_setup_handler
 .text.configure_wifi_web_setup_pin
                0x0040075c       0x60 src/wifi.o
                0x0040075c                configure_wifi_web_setup_pin
 .text.write_wifi_command
                0x004007bc       0x60 src/wifi.o
                0x004007bc                write_wifi_command
 .text.write_image_to_file
                0x0040081c      0x188 src/wifi.o
                0x0040081c                write_image_to_file
 .text.osc_enable
                0x004009a4       0x88 src/ASF/common/services/clock/sam4s/sysclk.o
 .text.osc_is_ready
                0x00400a2c       0x70 src/ASF/common/services/clock/sam4s/sysclk.o
 .text.osc_get_rate
                0x00400a9c       0x74 src/ASF/common/services/clock/sam4s/sysclk.o
 .text.osc_wait_ready
                0x00400b10       0x2c src/ASF/common/services/clock/sam4s/sysclk.o
 .text.pll_config_init
                0x00400b3c       0x54 src/ASF/common/services/clock/sam4s/sysclk.o
 .text.pll_enable
                0x00400b90       0x44 src/ASF/common/services/clock/sam4s/sysclk.o
 .text.pll_is_locked
                0x00400bd4       0x2c src/ASF/common/services/clock/sam4s/sysclk.o
 .text.pll_enable_source
                0x00400c00       0x38 src/ASF/common/services/clock/sam4s/sysclk.o
 .text.pll_wait_for_lock
                0x00400c38       0x24 src/ASF/common/services/clock/sam4s/sysclk.o
 .text.sysclk_get_main_hz
                0x00400c5c       0x1c src/ASF/common/services/clock/sam4s/sysclk.o
 .text.sysclk_get_cpu_hz
                0x00400c78       0x14 src/ASF/common/services/clock/sam4s/sysclk.o
 .text.sysclk_init
                0x00400c8c       0x70 src/ASF/common/services/clock/sam4s/sysclk.o
                0x00400c8c                sysclk_init
 .text.pio_pull_up
                0x00400cfc       0x2c src/ASF/sam/drivers/pio/pio.o
                0x00400cfc                pio_pull_up
 .text.pio_set_debounce_filter
                0x00400d28       0x38 src/ASF/sam/drivers/pio/pio.o
                0x00400d28                pio_set_debounce_filter
 .text.pio_set_peripheral
                0x00400d60      0x110 src/ASF/sam/drivers/pio/pio.o
                0x00400d60                pio_set_peripheral
 .text.pio_set_input
                0x00400e70       0x80 src/ASF/sam/drivers/pio/pio.o
                0x00400e70                pio_set_input
 .text.pio_set_output
                0x00400ef0       0x64 src/ASF/sam/drivers/pio/pio.o
                0x00400ef0                pio_set_output
 .text.pio_configure_interrupt
                0x00400f54       0x6c src/ASF/sam/drivers/pio/pio.o
                0x00400f54                pio_configure_interrupt
 .text.pio_enable_interrupt
                0x00400fc0       0x1c src/ASF/sam/drivers/pio/pio.o
                0x00400fc0                pio_enable_interrupt
 .text.pio_disable_interrupt
                0x00400fdc       0x1c src/ASF/sam/drivers/pio/pio.o
                0x00400fdc                pio_disable_interrupt
 .text.pio_get_interrupt_status
                0x00400ff8       0x18 src/ASF/sam/drivers/pio/pio.o
                0x00400ff8                pio_get_interrupt_status
 .text.pio_get_interrupt_mask
                0x00401010       0x18 src/ASF/sam/drivers/pio/pio.o
                0x00401010                pio_get_interrupt_mask
 .text.pio_configure_pin
                0x00401028      0x1b0 src/ASF/sam/drivers/pio/pio.o
                0x00401028                pio_configure_pin
 .text.pio_get_pin_group
                0x004011d8       0x24 src/ASF/sam/drivers/pio/pio.o
                0x004011d8                pio_get_pin_group
 .text.pio_capture_enable
                0x004011fc       0x2c src/ASF/sam/drivers/pio/pio.o
                0x004011fc                pio_capture_enable
 .text.pio_capture_disable
                0x00401228       0x2c src/ASF/sam/drivers/pio/pio.o
                0x00401228                pio_capture_disable
 .text.pio_handler_process
                0x00401254       0xd4 src/ASF/sam/drivers/pio/pio_handler.o
                0x00401254                pio_handler_process
 .text.pio_handler_set
                0x00401328       0xa0 src/ASF/sam/drivers/pio/pio_handler.o
                0x00401328                pio_handler_set
 .text.PIOA_Handler
                0x004013c8       0x18 src/ASF/sam/drivers/pio/pio_handler.o
                0x004013c8                PIOA_Handler
 .text.PIOB_Handler
                0x004013e0       0x18 src/ASF/sam/drivers/pio/pio_handler.o
                0x004013e0                PIOB_Handler
 .text.pmc_switch_mck_to_pllbck
                0x004013f8       0x7c src/ASF/sam/drivers/pmc/pmc.o
                0x004013f8                pmc_switch_mck_to_pllbck
 .text.pmc_switch_sclk_to_32kxtal
                0x00401474       0x38 src/ASF/sam/drivers/pmc/pmc.o
                0x00401474                pmc_switch_sclk_to_32kxtal
 .text.pmc_osc_is_ready_32kxtal
                0x004014ac       0x34 src/ASF/sam/drivers/pmc/pmc.o
                0x004014ac                pmc_osc_is_ready_32kxtal
 .text.pmc_switch_mainck_to_fastrc
                0x004014e0       0x70 src/ASF/sam/drivers/pmc/pmc.o
                0x004014e0                pmc_switch_mainck_to_fastrc
 .text.pmc_switch_mainck_to_xtal
                0x00401550       0x78 src/ASF/sam/drivers/pmc/pmc.o
                0x00401550                pmc_switch_mainck_to_xtal
 .text.pmc_osc_is_ready_mainck
                0x004015c8       0x18 src/ASF/sam/drivers/pmc/pmc.o
                0x004015c8                pmc_osc_is_ready_mainck
 .text.pmc_enable_pllack
                0x004015e0       0x54 src/ASF/sam/drivers/pmc/pmc.o
                0x004015e0                pmc_enable_pllack
 .text.pmc_disable_pllack
                0x00401634       0x18 src/ASF/sam/drivers/pmc/pmc.o
                0x00401634                pmc_disable_pllack
 .text.pmc_is_locked_pllack
                0x0040164c       0x18 src/ASF/sam/drivers/pmc/pmc.o
                0x0040164c                pmc_is_locked_pllack
 .text.pmc_disable_pllbck
                0x00401664       0x18 src/ASF/sam/drivers/pmc/pmc.o
                0x00401664                pmc_disable_pllbck
 .text.pmc_is_locked_pllbck
                0x0040167c       0x18 src/ASF/sam/drivers/pmc/pmc.o
                0x0040167c                pmc_is_locked_pllbck
 .text.pmc_enable_periph_clk
                0x00401694       0x80 src/ASF/sam/drivers/pmc/pmc.o
                0x00401694                pmc_enable_periph_clk
 .text.twi_enable_master_mode
                0x00401714       0x24 src/ASF/sam/drivers/twi/twi.o
                0x00401714                twi_enable_master_mode
 .text.twi_master_init
                0x00401738       0x64 src/ASF/sam/drivers/twi/twi.o
                0x00401738                twi_master_init
 .text.twi_set_speed
                0x0040179c       0xf4 src/ASF/sam/drivers/twi/twi.o
                0x0040179c                twi_set_speed
 .text.twi_mk_addr
                0x00401890       0x5c src/ASF/sam/drivers/twi/twi.o
                0x00401890                twi_mk_addr
 .text.twi_master_read
                0x004018ec      0x10c src/ASF/sam/drivers/twi/twi.o
                0x004018ec                twi_master_read
 .text.twi_master_write
                0x004019f8       0xdc src/ASF/sam/drivers/twi/twi.o
                0x004019f8                twi_master_write
 .text.twi_reset
                0x00401ad4       0x1c src/ASF/sam/drivers/twi/twi.o
                0x00401ad4                twi_reset
 .text.usart_set_async_baudrate
                0x00401af0       0x88 src/ASF/sam/drivers/usart/usart.o
                0x00401af0                usart_set_async_baudrate
 .text.usart_reset
                0x00401b78       0x60 src/ASF/sam/drivers/usart/usart.o
                0x00401b78                usart_reset
 .text.usart_init_rs232
                0x00401bd8       0x84 src/ASF/sam/drivers/usart/usart.o
                0x00401bd8                usart_init_rs232
 .text.usart_init_hw_handshaking
                0x00401c5c       0x40 src/ASF/sam/drivers/usart/usart.o
                0x00401c5c                usart_init_hw_handshaking
 .text.usart_enable_tx
                0x00401c9c       0x18 src/ASF/sam/drivers/usart/usart.o
                0x00401c9c                usart_enable_tx
 .text.usart_reset_tx
                0x00401cb4       0x18 src/ASF/sam/drivers/usart/usart.o
                0x00401cb4                usart_reset_tx
 .text.usart_enable_rx
                0x00401ccc       0x18 src/ASF/sam/drivers/usart/usart.o
                0x00401ccc                usart_enable_rx
 .text.usart_reset_rx
                0x00401ce4       0x18 src/ASF/sam/drivers/usart/usart.o
                0x00401ce4                usart_reset_rx
 .text.usart_enable_interrupt
                0x00401cfc       0x1c src/ASF/sam/drivers/usart/usart.o
                0x00401cfc                usart_enable_interrupt
 .text.usart_disable_interrupt
                0x00401d18       0x1c src/ASF/sam/drivers/usart/usart.o
                0x00401d18                usart_disable_interrupt
 .text.usart_get_status
                0x00401d34       0x18 src/ASF/sam/drivers/usart/usart.o
                0x00401d34                usart_get_status
 .text.usart_reset_status
                0x00401d4c       0x1c src/ASF/sam/drivers/usart/usart.o
                0x00401d4c                usart_reset_status
 .text.usart_drive_DTR_pin_high
                0x00401d68       0x1c src/ASF/sam/drivers/usart/usart.o
                0x00401d68                usart_drive_DTR_pin_high
 .text.usart_drive_RTS_pin_high
                0x00401d84       0x1c src/ASF/sam/drivers/usart/usart.o
                0x00401d84                usart_drive_RTS_pin_high
 .text.usart_putchar
                0x00401da0       0x30 src/ASF/sam/drivers/usart/usart.o
                0x00401da0                usart_putchar
 .text.usart_write_line
                0x00401dd0       0x30 src/ASF/sam/drivers/usart/usart.o
                0x00401dd0                usart_write_line
 .text.usart_read
                0x00401e00       0x34 src/ASF/sam/drivers/usart/usart.o
                0x00401e00                usart_read
 .text.usart_disable_writeprotect
                0x00401e34       0x20 src/ASF/sam/drivers/usart/usart.o
                0x00401e34                usart_disable_writeprotect
 .text.wdt_disable
                0x00401e54       0x1c src/ASF/sam/drivers/wdt/wdt.o
                0x00401e54                wdt_disable
 .text.NVIC_EnableIRQ
                0x00401e70       0x30 src/camera.o
 .text.NVIC_DisableIRQ
                0x00401ea0       0x34 src/camera.o
 .text.NVIC_ClearPendingIRQ
                0x00401ed4       0x34 src/camera.o
 .text.NVIC_SetPriority
                0x00401f08       0x54 src/camera.o
 .text.osc_get_rate
                0x00401f5c       0x74 src/camera.o
 .text.sysclk_get_main_hz
                0x00401fd0       0x1c src/camera.o
 .text.sysclk_get_cpu_hz
                0x00401fec       0x14 src/camera.o
 .text.vsync_handler
                0x00402000       0x20 src/camera.o
                0x00402000                vsync_handler
 .text.init_vsync_interrupts
                0x00402020       0x38 src/camera.o
                0x00402020                init_vsync_interrupts
 .text.pio_capture_init
                0x00402058       0x7c src/camera.o
                0x00402058                pio_capture_init
 .text.pio_capture_to_buffer
                0x004020d4       0x68 src/camera.o
                0x004020d4                pio_capture_to_buffer
 .text.init_camera
                0x0040213c      0x178 src/camera.o
                0x0040213c                init_camera
 .text.configure_twi
                0x004022b4       0x68 src/camera.o
                0x004022b4                configure_twi
 .text.configure_camera
                0x0040231c       0x80 src/camera.o
                0x0040231c                configure_camera
 .text.start_capture
                0x0040239c       0x80 src/camera.o
                0x0040239c                start_capture
 .text.find_image_len
                0x0040241c       0xa4 src/camera.o
                0x0040241c                find_image_len
 .text.osc_get_rate
                0x004024c0       0x74 src/main.o
 .text.sysclk_get_main_hz
                0x00402534       0x1c src/main.o
 .text.sysclk_get_cpu_hz
                0x00402550       0x14 src/main.o
 .text.sysclk_enable_peripheral_clock
                0x00402564       0x1c src/main.o
 .text.ioport_init
                0x00402580       0x18 src/main.o
 .text.ioport_set_pin_dir
                0x00402598       0x88 src/main.o
 .text.ioport_set_pin_level
                0x00402620       0x6c src/main.o
 .text.ioport_get_pin_level
                0x0040268c       0x50 src/main.o
 .text.main     0x004026dc      0x264 src/main.o
                0x004026dc                main
 .text.osc_get_rate
                0x00402940       0x74 src/ov2640.o
 .text.sysclk_get_main_hz
                0x004029b4       0x1c src/ov2640.o
 .text.sysclk_get_cpu_hz
                0x004029d0       0x14 src/ov2640.o
 .text.ov_id    0x004029e4       0x70 src/ov2640.o
 .text.ov_manufacturer
                0x00402a54       0x78 src/ov2640.o
 .text.ov_test_write
                0x00402acc       0xb0 src/ov2640.o
 .text.ov_read_reg
                0x00402b7c       0x24 src/ov2640.o
                0x00402b7c                ov_read_reg
 .text.ov_write_reg
                0x00402ba0       0x24 src/ov2640.o
                0x00402ba0                ov_write_reg
 .text.ov_write_regs
                0x00402bc4       0xd4 src/ov2640.o
                0x00402bc4                ov_write_regs
 .text.ov_init  0x00402c98       0x8c src/ov2640.o
                0x00402c98                ov_init
 .text.ov_configure
                0x00402d24      0x13c src/ov2640.o
                0x00402d24                ov_configure
 .text.NVIC_EnableIRQ
                0x00402e60       0x30 src/timer_interface.o
 .text.osc_get_rate
                0x00402e90       0x74 src/timer_interface.o
 .text.sysclk_get_main_hz
                0x00402f04       0x1c src/timer_interface.o
 .text.sysclk_get_cpu_hz
                0x00402f20       0x14 src/timer_interface.o
 .text.TC0_Handler
                0x00402f34       0x3c src/timer_interface.o
                0x00402f34                TC0_Handler
 .text.configure_tc
                0x00402f70       0x80 src/timer_interface.o
                0x00402f70                configure_tc
 .text.sysclk_enable_peripheral_clock
                0x00402ff0       0x1c src/ASF/common/boards/user_board/init.o
 .text.ioport_init
                0x0040300c       0x18 src/ASF/common/boards/user_board/init.o
 .text.ioport_set_pin_dir
                0x00403024       0x88 src/ASF/common/boards/user_board/init.o
 .text.board_init
                0x004030ac       0xf0 src/ASF/common/boards/user_board/init.o
                0x004030ac                board_init
 .text.Reset_Handler
                0x0040319c       0xc8 src/ASF/sam/utils/cmsis/sam4s/source/templates/gcc/startup_sam4s.o
                0x0040319c                Reset_Handler
 .text.Dummy_Handler
                0x00403264        0x8 src/ASF/sam/utils/cmsis/sam4s/source/templates/gcc/startup_sam4s.o
                0x00403264                DACC_Handler
                0x00403264                DebugMon_Handler
                0x00403264                HardFault_Handler
                0x00403264                TC2_Handler
                0x00403264                SPI_Handler
                0x00403264                SysTick_Handler
                0x00403264                TWI1_Handler
                0x00403264                PendSV_Handler
                0x00403264                NMI_Handler
                0x00403264                ADC_Handler
                0x00403264                CRCCU_Handler
                0x00403264                RTT_Handler
                0x00403264                RTC_Handler
                0x00403264                UsageFault_Handler
                0x00403264                WDT_Handler
                0x00403264                TC1_Handler
                0x00403264                HSMCI_Handler
                0x00403264                UART1_Handler
                0x00403264                Dummy_Handler
                0x00403264                TWI0_Handler
                0x00403264                USART1_Handler
                0x00403264                SSC_Handler
                0x00403264                EFC0_Handler
                0x00403264                ACC_Handler
                0x00403264                PMC_Handler
                0x00403264                PWM_Handler
                0x00403264                MemManage_Handler
                0x00403264                SUPC_Handler
                0x00403264                SVC_Handler
                0x00403264                UART0_Handler
                0x00403264                UDP_Handler
                0x00403264                BusFault_Handler
                0x00403264                RSTC_Handler
 .text.SystemCoreClockUpdate
                0x0040326c      0x19c src/ASF/sam/utils/cmsis/sam4s/source/templates/system_sam4s.o
                0x0040326c                SystemCoreClockUpdate
 .text.system_init_flash
                0x00403408       0x94 src/ASF/sam/utils/cmsis/sam4s/source/templates/system_sam4s.o
                0x00403408                system_init_flash
 .text._sbrk    0x0040349c       0x58 src/ASF/sam/utils/syscalls/gcc/syscalls.o
                0x0040349c                _sbrk
 .text          0x004034f4       0x30 c:/program files (x86)/atmel/studio/7.0/toolchain/arm/arm-gnu-toolchain/bin/../lib/gcc/arm-none-eabi/5.3.1/armv7e-m\libgcc.a(_aeabi_uldivmod.o)
                0x004034f4                __aeabi_uldivmod
 .text          0x00403524      0x2e4 c:/program files (x86)/atmel/studio/7.0/toolchain/arm/arm-gnu-toolchain/bin/../lib/gcc/arm-none-eabi/5.3.1/armv7e-m\libgcc.a(_udivmoddi4.o)
                0x00403524                __udivmoddi4
 .text          0x00403808        0x4 c:/program files (x86)/atmel/studio/7.0/toolchain/arm/arm-gnu-toolchain/bin/../lib/gcc/arm-none-eabi/5.3.1/armv7e-m\libgcc.a(_dvmd_tls.o)
                0x00403808                __aeabi_idiv0
                0x00403808                __aeabi_ldiv0
 .text.__libc_init_array
                0x0040380c       0x50 c:/program files (x86)/atmel/studio/7.0/toolchain/arm/arm-gnu-toolchain/bin/../lib/gcc/arm-none-eabi/5.3.1/../../../../arm-none-eabi/lib/armv7e-m\libc.a(lib_a-init.o)
                0x0040380c                __libc_init_array
 .text.memset   0x0040385c       0x9c c:/program files (x86)/atmel/studio/7.0/toolchain/arm/arm-gnu-toolchain/bin/../lib/gcc/arm-none-eabi/5.3.1/../../../../arm-none-eabi/lib/armv7e-m\libc.a(lib_a-memset.o)
                0x0040385c                memset
 .text.sprintf  0x004038f8       0x4c c:/program files (x86)/atmel/studio/7.0/toolchain/arm/arm-gnu-toolchain/bin/../lib/gcc/arm-none-eabi/5.3.1/../../../../arm-none-eabi/lib/armv7e-m\libc.a(lib_a-sprintf.o)
                0x004038f8                sprintf
 .text.critical_factorization
                0x00403944       0xb8 c:/program files (x86)/atmel/studio/7.0/toolchain/arm/arm-gnu-toolchain/bin/../lib/gcc/arm-none-eabi/5.3.1/../../../../arm-none-eabi/lib/armv7e-m\libc.a(lib_a-strstr.o)
 .text.two_way_long_needle
                0x004039fc      0x200 c:/program files (x86)/atmel/studio/7.0/toolchain/arm/arm-gnu-toolchain/bin/../lib/gcc/arm-none-eabi/5.3.1/../../../../arm-none-eabi/lib/armv7e-m\libc.a(lib_a-strstr.o)
 .text.strstr   0x00403bfc      0x220 c:/program files (x86)/atmel/studio/7.0/toolchain/arm/arm-gnu-toolchain/bin/../lib/gcc/arm-none-eabi/5.3.1/../../../../arm-none-eabi/lib/armv7e-m\libc.a(lib_a-strstr.o)
                0x00403bfc                strstr
 .text._svfprintf_r
                0x00403e1c     0x169c c:/program files (x86)/atmel/studio/7.0/toolchain/arm/arm-gnu-toolchain/bin/../lib/gcc/arm-none-eabi/5.3.1/../../../../arm-none-eabi/lib/armv7e-m\libc.a(lib_a-svfprintf.o)
                0x00403e1c                _svfprintf_r
 .text.startup.register_fini
                0x004054b8       0x14 c:/program files (x86)/atmel/studio/7.0/toolchain/arm/arm-gnu-toolchain/bin/../lib/gcc/arm-none-eabi/5.3.1/../../../../arm-none-eabi/lib/armv7e-m\libc.a(lib_a-__call_atexit.o)
 .text.atexit   0x004054cc        0xc c:/program files (x86)/atmel/studio/7.0/toolchain/arm/arm-gnu-toolchain/bin/../lib/gcc/arm-none-eabi/5.3.1/../../../../arm-none-eabi/lib/armv7e-m\libc.a(lib_a-atexit.o)
                0x004054cc                atexit
 .text.quorem   0x004054d8      0x128 c:/program files (x86)/atmel/studio/7.0/toolchain/arm/arm-gnu-toolchain/bin/../lib/gcc/arm-none-eabi/5.3.1/../../../../arm-none-eabi/lib/armv7e-m\libc.a(lib_a-dtoa.o)
 .text._dtoa_r  0x00405600      0xe58 c:/program files (x86)/atmel/studio/7.0/toolchain/arm/arm-gnu-toolchain/bin/../lib/gcc/arm-none-eabi/5.3.1/../../../../arm-none-eabi/lib/armv7e-m\libc.a(lib_a-dtoa.o)
                0x00405600                _dtoa_r
 .text.__libc_fini_array
                0x00406458       0x28 c:/program files (x86)/atmel/studio/7.0/toolchain/arm/arm-gnu-toolchain/bin/../lib/gcc/arm-none-eabi/5.3.1/../../../../arm-none-eabi/lib/armv7e-m\libc.a(lib_a-fini.o)
                0x00406458                __libc_fini_array
 .text._localeconv_r
                0x00406480        0x8 c:/program files (x86)/atmel/studio/7.0/toolchain/arm/arm-gnu-toolchain/bin/../lib/gcc/arm-none-eabi/5.3.1/../../../../arm-none-eabi/lib/armv7e-m\libc.a(lib_a-locale.o)
                0x00406480                _localeconv_r
 .text._malloc_r
                0x00406488      0x570 c:/program files (x86)/atmel/studio/7.0/toolchain/arm/arm-gnu-toolchain/bin/../lib/gcc/arm-none-eabi/5.3.1/../../../../arm-none-eabi/lib/armv7e-m\libc.a(lib_a-mallocr.o)
                0x00406488                _malloc_r
 *fill*         0x004069f8        0x8 
 .text          0x00406a00       0xa0 c:/program files (x86)/atmel/studio/7.0/toolchain/arm/arm-gnu-toolchain/bin/../lib/gcc/arm-none-eabi/5.3.1/../../../../arm-none-eabi/lib/armv7e-m\libc.a(lib_a-memchr.o)
                0x00406a00                memchr
 .text.memcmp   0x00406aa0       0x64 c:/program files (x86)/atmel/studio/7.0/toolchain/arm/arm-gnu-toolchain/bin/../lib/gcc/arm-none-eabi/5.3.1/../../../../arm-none-eabi/lib/armv7e-m\libc.a(lib_a-memcmp.o)
                0x00406aa0                memcmp
 .text          0x00406b04      0x134 c:/program files (x86)/atmel/studio/7.0/toolchain/arm/arm-gnu-toolchain/bin/../lib/gcc/arm-none-eabi/5.3.1/../../../../arm-none-eabi/lib/armv7e-m\libc.a(lib_a-memcpy.o)
                0x00406b04                memcpy
 .text.__malloc_lock
                0x00406c38        0x4 c:/program files (x86)/atmel/studio/7.0/toolchain/arm/arm-gnu-toolchain/bin/../lib/gcc/arm-none-eabi/5.3.1/../../../../arm-none-eabi/lib/armv7e-m\libc.a(lib_a-mlock.o)
                0x00406c38                __malloc_lock
 .text.__malloc_unlock
                0x00406c3c        0x4 c:/program files (x86)/atmel/studio/7.0/toolchain/arm/arm-gnu-toolchain/bin/../lib/gcc/arm-none-eabi/5.3.1/../../../../arm-none-eabi/lib/armv7e-m\libc.a(lib_a-mlock.o)
                0x00406c3c                __malloc_unlock
 .text._Balloc  0x00406c40       0x4c c:/program files (x86)/atmel/studio/7.0/toolchain/arm/arm-gnu-toolchain/bin/../lib/gcc/arm-none-eabi/5.3.1/../../../../arm-none-eabi/lib/armv7e-m\libc.a(lib_a-mprec.o)
                0x00406c40                _Balloc
 .text._Bfree   0x00406c8c       0x14 c:/program files (x86)/atmel/studio/7.0/toolchain/arm/arm-gnu-toolchain/bin/../lib/gcc/arm-none-eabi/5.3.1/../../../../arm-none-eabi/lib/armv7e-m\libc.a(lib_a-mprec.o)
                0x00406c8c                _Bfree
 .text.__multadd
                0x00406ca0       0x80 c:/program files (x86)/atmel/studio/7.0/toolchain/arm/arm-gnu-toolchain/bin/../lib/gcc/arm-none-eabi/5.3.1/../../../../arm-none-eabi/lib/armv7e-m\libc.a(lib_a-mprec.o)
                0x00406ca0                __multadd
 .text.__hi0bits
                0x00406d20       0x40 c:/program files (x86)/atmel/studio/7.0/toolchain/arm/arm-gnu-toolchain/bin/../lib/gcc/arm-none-eabi/5.3.1/../../../../arm-none-eabi/lib/armv7e-m\libc.a(lib_a-mprec.o)
                0x00406d20                __hi0bits
 .text.__lo0bits
                0x00406d60       0x5c c:/program files (x86)/atmel/studio/7.0/toolchain/arm/arm-gnu-toolchain/bin/../lib/gcc/arm-none-eabi/5.3.1/../../../../arm-none-eabi/lib/armv7e-m\libc.a(lib_a-mprec.o)
                0x00406d60                __lo0bits
 .text.__i2b    0x00406dbc       0x14 c:/program files (x86)/atmel/studio/7.0/toolchain/arm/arm-gnu-toolchain/bin/../lib/gcc/arm-none-eabi/5.3.1/../../../../arm-none-eabi/lib/armv7e-m\libc.a(lib_a-mprec.o)
                0x00406dbc                __i2b
 .text.__multiply
                0x00406dd0      0x130 c:/program files (x86)/atmel/studio/7.0/toolchain/arm/arm-gnu-toolchain/bin/../lib/gcc/arm-none-eabi/5.3.1/../../../../arm-none-eabi/lib/armv7e-m\libc.a(lib_a-mprec.o)
                0x00406dd0                __multiply
 .text.__pow5mult
                0x00406f00       0xa0 c:/program files (x86)/atmel/studio/7.0/toolchain/arm/arm-gnu-toolchain/bin/../lib/gcc/arm-none-eabi/5.3.1/../../../../arm-none-eabi/lib/armv7e-m\libc.a(lib_a-mprec.o)
                0x00406f00                __pow5mult
 .text.__lshift
                0x00406fa0       0xb0 c:/program files (x86)/atmel/studio/7.0/toolchain/arm/arm-gnu-toolchain/bin/../lib/gcc/arm-none-eabi/5.3.1/../../../../arm-none-eabi/lib/armv7e-m\libc.a(lib_a-mprec.o)
                0x00406fa0                __lshift
 .text.__mcmp   0x00407050       0x40 c:/program files (x86)/atmel/studio/7.0/toolchain/arm/arm-gnu-toolchain/bin/../lib/gcc/arm-none-eabi/5.3.1/../../../../arm-none-eabi/lib/armv7e-m\libc.a(lib_a-mprec.o)
                0x00407050                __mcmp
 .text.__mdiff  0x00407090      0x114 c:/program files (x86)/atmel/studio/7.0/toolchain/arm/arm-gnu-toolchain/bin/../lib/gcc/arm-none-eabi/5.3.1/../../../../arm-none-eabi/lib/armv7e-m\libc.a(lib_a-mprec.o)
                0x00407090                __mdiff
 .text.__d2b    0x004071a4       0xb8 c:/program files (x86)/atmel/studio/7.0/toolchain/arm/arm-gnu-toolchain/bin/../lib/gcc/arm-none-eabi/5.3.1/../../../../arm-none-eabi/lib/armv7e-m\libc.a(lib_a-mprec.o)
                0x004071a4                __d2b
 .text._sbrk_r  0x0040725c       0x24 c:/program files (x86)/atmel/studio/7.0/toolchain/arm/arm-gnu-toolchain/bin/../lib/gcc/arm-none-eabi/5.3.1/../../../../arm-none-eabi/lib/armv7e-m\libc.a(lib_a-sbrkr.o)
                0x0040725c                _sbrk_r
 .text.strchr   0x00407280       0xd0 c:/program files (x86)/atmel/studio/7.0/toolchain/arm/arm-gnu-toolchain/bin/../lib/gcc/arm-none-eabi/5.3.1/../../../../arm-none-eabi/lib/armv7e-m\libc.a(lib_a-strchr.o)
                0x00407280                strchr
 *fill*         0x00407350       0x30 
 .text          0x00407380       0xdc c:/program files (x86)/atmel/studio/7.0/toolchain/arm/arm-gnu-toolchain/bin/../lib/gcc/arm-none-eabi/5.3.1/../../../../arm-none-eabi/lib/armv7e-m\libc.a(lib_a-strlen.o)
                0x00407380                strlen
 .text.__ssprint_r
                0x0040745c      0x100 c:/program files (x86)/atmel/studio/7.0/toolchain/arm/arm-gnu-toolchain/bin/../lib/gcc/arm-none-eabi/5.3.1/../../../../arm-none-eabi/lib/armv7e-m\libc.a(lib_a-svfiprintf.o)
                0x0040745c                __ssprint_r
 .text.__register_exitproc
                0x0040755c       0xa4 c:/program files (x86)/atmel/studio/7.0/toolchain/arm/arm-gnu-toolchain/bin/../lib/gcc/arm-none-eabi/5.3.1/../../../../arm-none-eabi/lib/armv7e-m\libc.a(lib_a-__atexit.o)
                0x0040755c                __register_exitproc
 .text._calloc_r
                0x00407600       0x60 c:/program files (x86)/atmel/studio/7.0/toolchain/arm/arm-gnu-toolchain/bin/../lib/gcc/arm-none-eabi/5.3.1/../../../../arm-none-eabi/lib/armv7e-m\libc.a(lib_a-callocr.o)
                0x00407600                _calloc_r
 .text._malloc_trim_r
                0x00407660       0x9c c:/program files (x86)/atmel/studio/7.0/toolchain/arm/arm-gnu-toolchain/bin/../lib/gcc/arm-none-eabi/5.3.1/../../../../arm-none-eabi/lib/armv7e-m\libc.a(lib_a-freer.o)
                0x00407660                _malloc_trim_r
 .text._free_r  0x004076fc      0x1d0 c:/program files (x86)/atmel/studio/7.0/toolchain/arm/arm-gnu-toolchain/bin/../lib/gcc/arm-none-eabi/5.3.1/../../../../arm-none-eabi/lib/armv7e-m\libc.a(lib_a-freer.o)
                0x004076fc                _free_r
 .text.memmove  0x004078cc       0xc8 c:/program files (x86)/atmel/studio/7.0/toolchain/arm/arm-gnu-toolchain/bin/../lib/gcc/arm-none-eabi/5.3.1/../../../../arm-none-eabi/lib/armv7e-m\libc.a(lib_a-memmove.o)
                0x004078cc                memmove
 .text._realloc_r
                0x00407994      0x3e0 c:/program files (x86)/atmel/studio/7.0/toolchain/arm/arm-gnu-toolchain/bin/../lib/gcc/arm-none-eabi/5.3.1/../../../../arm-none-eabi/lib/armv7e-m\libc.a(lib_a-reallocr.o)
                0x00407994                _realloc_r
 .text          0x00407d74      0x370 c:/program files (x86)/atmel/studio/7.0/toolchain/arm/arm-gnu-toolchain/bin/../lib/gcc/arm-none-eabi/5.3.1/armv7e-m\libgcc.a(_arm_addsubdf3.o)
                0x00407d74                __aeabi_drsub
                0x00407d7c                __aeabi_dsub
                0x00407d7c                __subdf3
                0x00407d80                __aeabi_dadd
                0x00407d80                __adddf3
                0x00407ff8                __floatunsidf
                0x00407ff8                __aeabi_ui2d
                0x00408018                __floatsidf
                0x00408018                __aeabi_i2d
                0x0040803c                __aeabi_f2d
                0x0040803c                __extendsfdf2
                0x00408078                __floatundidf
                0x00408078                __aeabi_ul2d
                0x00408088                __floatdidf
                0x00408088                __aeabi_l2d
 .text          0x004080e4      0x424 c:/program files (x86)/atmel/studio/7.0/toolchain/arm/arm-gnu-toolchain/bin/../lib/gcc/arm-none-eabi/5.3.1/armv7e-m\libgcc.a(_arm_muldivdf3.o)
                0x004080e4                __aeabi_dmul
                0x004080e4                __muldf3
                0x00408338                __divdf3
                0x00408338                __aeabi_ddiv
 .text          0x00408508      0x110 c:/program files (x86)/atmel/studio/7.0/toolchain/arm/arm-gnu-toolchain/bin/../lib/gcc/arm-none-eabi/5.3.1/armv7e-m\libgcc.a(_arm_cmpdf2.o)
                0x00408508                __gtdf2
                0x00408508                __gedf2
                0x00408510                __ltdf2
                0x00408510                __ledf2
                0x00408518                __nedf2
                0x00408518                __eqdf2
                0x00408518                __cmpdf2
                0x00408594                __aeabi_cdrcmple
                0x004085a4                __aeabi_cdcmpeq
                0x004085a4                __aeabi_cdcmple
                0x004085b4                __aeabi_dcmpeq
                0x004085c8                __aeabi_dcmplt
                0x004085dc                __aeabi_dcmple
                0x004085f0                __aeabi_dcmpge
                0x00408604                __aeabi_dcmpgt
 .text          0x00408618       0x2c c:/program files (x86)/atmel/studio/7.0/toolchain/arm/arm-gnu-toolchain/bin/../lib/gcc/arm-none-eabi/5.3.1/armv7e-m\libgcc.a(_arm_unorddf2.o)
                0x00408618                __unorddf2
                0x00408618                __aeabi_dcmpun
 .text          0x00408644       0x50 c:/program files (x86)/atmel/studio/7.0/toolchain/arm/arm-gnu-toolchain/bin/../lib/gcc/arm-none-eabi/5.3.1/armv7e-m\libgcc.a(_arm_fixdfsi.o)
                0x00408644                __aeabi_d2iz
                0x00408644                __fixdfsi
 *(.glue_7t)
 .glue_7t       0x00408694        0x0 linker stubs
 *(.glue_7)
 .glue_7        0x00408694        0x0 linker stubs
 *(.rodata .rodata* .gnu.linkonce.r.*)
 .rodata        0x00408694       0xc5 src/wifi.o
 *fill*         0x00408759        0x3 
 .rodata        0x0040875c       0x20 src/main.o
 .rodata.OV2640_JPEG_INIT
                0x0040877c      0x17e src/ov2640_table_registers.o
                0x0040877c                OV2640_JPEG_INIT
 *fill*         0x004088fa        0x2 
 .rodata.OV2640_YUV422
                0x004088fc       0x14 src/ov2640_table_registers.o
                0x004088fc                OV2640_YUV422
 .rodata.OV2640_JPEG
                0x00408910       0x12 src/ov2640_table_registers.o
                0x00408910                OV2640_JPEG
 *fill*         0x00408922        0x2 
 .rodata.OV2640_JPEG_320x240
                0x00408924       0x50 src/ov2640_table_registers.o
                0x00408924                OV2640_JPEG_320x240
 .rodata.OV2640_JPEG_640x480
                0x00408974       0x52 src/ov2640_table_registers.o
                0x00408974                OV2640_JPEG_640x480
 *fill*         0x004089c6        0x2 
 .rodata.OV2640_JPEG_800x600
                0x004089c8       0x52 src/ov2640_table_registers.o
                0x004089c8                OV2640_JPEG_800x600
 *fill*         0x00408a1a        0x2 
 .rodata.OV2640_JPEG_1024x768
                0x00408a1c       0x4e src/ov2640_table_registers.o
                0x00408a1c                OV2640_JPEG_1024x768
 *fill*         0x00408a6a        0x2 
 .rodata.OV2640_JPEG_1280x1024
                0x00408a6c       0x52 src/ov2640_table_registers.o
                0x00408a6c                OV2640_JPEG_1280x1024
 *fill*         0x00408abe        0x2 
 .rodata.OV2640_JPEG_1600x1200
                0x00408ac0       0x52 src/ov2640_table_registers.o
                0x00408ac0                OV2640_JPEG_1600x1200
 *fill*         0x00408b12        0x2 
 .rodata.OV2640_QVGA_YUV422_10FPS
                0x00408b14       0xf0 src/ov2640_table_registers.o
                0x00408b14                OV2640_QVGA_YUV422_10FPS
 .rodata.OV2640_QVGA_YUV422_15FPS
                0x00408c04       0xf0 src/ov2640_table_registers.o
                0x00408c04                OV2640_QVGA_YUV422_15FPS
 .rodata.OV2640_QVGA_YUV422_20FPS
                0x00408cf4       0xf0 src/ov2640_table_registers.o
                0x00408cf4                OV2640_QVGA_YUV422_20FPS
 .rodata.OV2640_QVGA_YUV422_30FPS
                0x00408de4       0xf0 src/ov2640_table_registers.o
                0x00408de4                OV2640_QVGA_YUV422_30FPS
 .rodata.OV2640_QVGA_RGB888
                0x00408ed4       0xf4 src/ov2640_table_registers.o
                0x00408ed4                OV2640_QVGA_RGB888
 .rodata.OV2640_QQVGA_YUV422
                0x00408fc8       0xf4 src/ov2640_table_registers.o
                0x00408fc8                OV2640_QQVGA_YUV422
 .rodata.OV2640_QQVGA_RGB888
                0x004090bc       0xf4 src/ov2640_table_registers.o
                0x004090bc                OV2640_QQVGA_RGB888
 .rodata.OV2640_TEST_PATTERN
                0x004091b0       0xf4 src/ov2640_table_registers.o
                0x004091b0                OV2640_TEST_PATTERN
 .rodata.OV2640_VGA_YUV422_20FPS
                0x004092a4       0xf0 src/ov2640_table_registers.o
                0x004092a4                OV2640_VGA_YUV422_20FPS
 .rodata.str1.4
                0x00409394        0x2 c:/program files (x86)/atmel/studio/7.0/toolchain/arm/arm-gnu-toolchain/bin/../lib/gcc/arm-none-eabi/5.3.1/../../../../arm-none-eabi/lib/armv7e-m\libc.a(lib_a-impure.o)
 *fill*         0x00409396        0x2 
 .rodata._global_impure_ptr
                0x00409398        0x4 c:/program files (x86)/atmel/studio/7.0/toolchain/arm/arm-gnu-toolchain/bin/../lib/gcc/arm-none-eabi/5.3.1/../../../../arm-none-eabi/lib/armv7e-m\libc.a(lib_a-impure.o)
                0x00409398                _global_impure_ptr
 .rodata.zeroes.7035
                0x0040939c       0x10 c:/program files (x86)/atmel/studio/7.0/toolchain/arm/arm-gnu-toolchain/bin/../lib/gcc/arm-none-eabi/5.3.1/../../../../arm-none-eabi/lib/armv7e-m\libc.a(lib_a-svfprintf.o)
 .rodata.str1.4
                0x004093ac       0x42 c:/program files (x86)/atmel/studio/7.0/toolchain/arm/arm-gnu-toolchain/bin/../lib/gcc/arm-none-eabi/5.3.1/../../../../arm-none-eabi/lib/armv7e-m\libc.a(lib_a-svfprintf.o)
 *fill*         0x004093ee        0x2 
 .rodata.blanks.7034
                0x004093f0       0x10 c:/program files (x86)/atmel/studio/7.0/toolchain/arm/arm-gnu-toolchain/bin/../lib/gcc/arm-none-eabi/5.3.1/../../../../arm-none-eabi/lib/armv7e-m\libc.a(lib_a-svfprintf.o)
 .rodata.str1.4
                0x00409400       0x10 c:/program files (x86)/atmel/studio/7.0/toolchain/arm/arm-gnu-toolchain/bin/../lib/gcc/arm-none-eabi/5.3.1/../../../../arm-none-eabi/lib/armv7e-m\libc.a(lib_a-dtoa.o)
                                 0x12 (size before relaxing)
 .rodata.str1.4
                0x00409410        0xc c:/program files (x86)/atmel/studio/7.0/toolchain/arm/arm-gnu-toolchain/bin/../lib/gcc/arm-none-eabi/5.3.1/../../../../arm-none-eabi/lib/armv7e-m\libc.a(lib_a-locale.o)
                                 0x12 (size before relaxing)
 *fill*         0x0040941c        0x4 
 .rodata.__mprec_tens
                0x00409420       0xc8 c:/program files (x86)/atmel/studio/7.0/toolchain/arm/arm-gnu-toolchain/bin/../lib/gcc/arm-none-eabi/5.3.1/../../../../arm-none-eabi/lib/armv7e-m\libc.a(lib_a-mprec.o)
                0x00409420                __mprec_tens
 .rodata.__mprec_bigtens
                0x004094e8       0x28 c:/program files (x86)/atmel/studio/7.0/toolchain/arm/arm-gnu-toolchain/bin/../lib/gcc/arm-none-eabi/5.3.1/../../../../arm-none-eabi/lib/armv7e-m\libc.a(lib_a-mprec.o)
                0x004094e8                __mprec_bigtens
 .rodata.p05.5373
                0x00409510        0xc c:/program files (x86)/atmel/studio/7.0/toolchain/arm/arm-gnu-toolchain/bin/../lib/gcc/arm-none-eabi/5.3.1/../../../../arm-none-eabi/lib/armv7e-m\libc.a(lib_a-mprec.o)
 *(.ARM.extab* .gnu.linkonce.armextab.*)
                0x0040951c                . = ALIGN (0x4)
 *(.init)
 .init          0x0040951c        0x4 c:/program files (x86)/atmel/studio/7.0/toolchain/arm/arm-gnu-toolchain/bin/../lib/gcc/arm-none-eabi/5.3.1/armv7e-m/crti.o
                0x0040951c                _init
 .init          0x00409520        0x8 c:/program files (x86)/atmel/studio/7.0/toolchain/arm/arm-gnu-toolchain/bin/../lib/gcc/arm-none-eabi/5.3.1/armv7e-m/crtn.o
                0x00409528                . = ALIGN (0x4)
                0x00409528                __preinit_array_start = .
 *(.preinit_array)
                0x00409528                __preinit_array_end = .
                0x00409528                . = ALIGN (0x4)
                0x00409528                __init_array_start = .
 *(SORT(.init_array.*))
 .init_array.00000
                0x00409528        0x4 c:/program files (x86)/atmel/studio/7.0/toolchain/arm/arm-gnu-toolchain/bin/../lib/gcc/arm-none-eabi/5.3.1/../../../../arm-none-eabi/lib/armv7e-m\libc.a(lib_a-__call_atexit.o)
 *(.init_array)
 .init_array    0x0040952c        0x4 c:/program files (x86)/atmel/studio/7.0/toolchain/arm/arm-gnu-toolchain/bin/../lib/gcc/arm-none-eabi/5.3.1/armv7e-m/crtbegin.o
                0x00409530                __init_array_end = .
                0x00409530                . = ALIGN (0x4)
 *crtbegin.o(.ctors)
 *(EXCLUDE_FILE(*crtend.o) .ctors)
 *(SORT(.ctors.*))
 *crtend.o(.ctors)
                0x00409530                . = ALIGN (0x4)
 *(.fini)
 .fini          0x00409530        0x4 c:/program files (x86)/atmel/studio/7.0/toolchain/arm/arm-gnu-toolchain/bin/../lib/gcc/arm-none-eabi/5.3.1/armv7e-m/crti.o
                0x00409530                _fini
 .fini          0x00409534        0x8 c:/program files (x86)/atmel/studio/7.0/toolchain/arm/arm-gnu-toolchain/bin/../lib/gcc/arm-none-eabi/5.3.1/armv7e-m/crtn.o
                0x0040953c                . = ALIGN (0x4)
                0x0040953c                __fini_array_start = .
 *(.fini_array)
 .fini_array    0x0040953c        0x4 c:/program files (x86)/atmel/studio/7.0/toolchain/arm/arm-gnu-toolchain/bin/../lib/gcc/arm-none-eabi/5.3.1/armv7e-m/crtbegin.o
 *(SORT(.fini_array.*))
                0x00409540                __fini_array_end = .
 *crtbegin.o(.dtors)
 *(EXCLUDE_FILE(*crtend.o) .dtors)
 *(SORT(.dtors.*))
 *crtend.o(.dtors)
                0x00409540                . = ALIGN (0x4)
                0x00409540                _efixed = .
                [!provide]                PROVIDE (__exidx_start, .)

.vfp11_veneer   0x00409540        0x0
 .vfp11_veneer  0x00409540        0x0 linker stubs

.v4_bx          0x00409540        0x0
 .v4_bx         0x00409540        0x0 linker stubs

.iplt           0x00409540        0x0
 .iplt          0x00409540        0x0 c:/program files (x86)/atmel/studio/7.0/toolchain/arm/arm-gnu-toolchain/bin/../lib/gcc/arm-none-eabi/5.3.1/armv7e-m/crtbegin.o

.ARM.exidx      0x00409540        0x8
 *(.ARM.exidx* .gnu.linkonce.armexidx.*)
 .ARM.exidx     0x00409540        0x8 c:/program files (x86)/atmel/studio/7.0/toolchain/arm/arm-gnu-toolchain/bin/../lib/gcc/arm-none-eabi/5.3.1/armv7e-m\libgcc.a(_udivmoddi4.o)
                [!provide]                PROVIDE (__exidx_end, .)

.eh_frame       0x00409548        0x0
 .eh_frame      0x00409548        0x0 c:/program files (x86)/atmel/studio/7.0/toolchain/arm/arm-gnu-toolchain/bin/../lib/gcc/arm-none-eabi/5.3.1/armv7e-m/crtbegin.o

.rel.dyn        0x00409548        0x0
 .rel.iplt      0x00409548        0x0 c:/program files (x86)/atmel/studio/7.0/toolchain/arm/arm-gnu-toolchain/bin/../lib/gcc/arm-none-eabi/5.3.1/armv7e-m/crtbegin.o

.jcr            0x00409548        0x0
 .jcr           0x00409548        0x0 c:/program files (x86)/atmel/studio/7.0/toolchain/arm/arm-gnu-toolchain/bin/../lib/gcc/arm-none-eabi/5.3.1/armv7e-m/crtbegin.o

.igot.plt       0x00409548        0x0
 .igot.plt      0x00409548        0x0 c:/program files (x86)/atmel/studio/7.0/toolchain/arm/arm-gnu-toolchain/bin/../lib/gcc/arm-none-eabi/5.3.1/armv7e-m/crtbegin.o
                0x00409548                . = ALIGN (0x4)
                0x00409548                _etext = .

.relocate       0x20000000      0x884 load address 0x00409548
                0x20000000                . = ALIGN (0x4)
                0x20000000                _srelocate = .
 *(.ramfunc .ramfunc.*)
 .ramfunc       0x20000000        0xc src/ASF/common/services/delay/sam/cycle_counter.o
                0x20000000                portable_delay_cycles
 *(.data .data.*)
 .data.SystemCoreClock
                0x2000000c        0x4 src/ASF/sam/utils/cmsis/sam4s/source/templates/system_sam4s.o
                0x2000000c                SystemCoreClock
 .data.impure_data
                0x20000010      0x428 c:/program files (x86)/atmel/studio/7.0/toolchain/arm/arm-gnu-toolchain/bin/../lib/gcc/arm-none-eabi/5.3.1/../../../../arm-none-eabi/lib/armv7e-m\libc.a(lib_a-impure.o)
 .data._impure_ptr
                0x20000438        0x4 c:/program files (x86)/atmel/studio/7.0/toolchain/arm/arm-gnu-toolchain/bin/../lib/gcc/arm-none-eabi/5.3.1/../../../../arm-none-eabi/lib/armv7e-m\libc.a(lib_a-impure.o)
                0x20000438                _impure_ptr
 .data.lconv    0x2000043c       0x38 c:/program files (x86)/atmel/studio/7.0/toolchain/arm/arm-gnu-toolchain/bin/../lib/gcc/arm-none-eabi/5.3.1/../../../../arm-none-eabi/lib/armv7e-m\libc.a(lib_a-locale.o)
 .data.__malloc_av_
                0x20000474      0x408 c:/program files (x86)/atmel/studio/7.0/toolchain/arm/arm-gnu-toolchain/bin/../lib/gcc/arm-none-eabi/5.3.1/../../../../arm-none-eabi/lib/armv7e-m\libc.a(lib_a-mallocr.o)
                0x20000474                __malloc_av_
 .data.__malloc_trim_threshold
                0x2000087c        0x4 c:/program files (x86)/atmel/studio/7.0/toolchain/arm/arm-gnu-toolchain/bin/../lib/gcc/arm-none-eabi/5.3.1/../../../../arm-none-eabi/lib/armv7e-m\libc.a(lib_a-mallocr.o)
                0x2000087c                __malloc_trim_threshold
 .data.__malloc_sbrk_base
                0x20000880        0x4 c:/program files (x86)/atmel/studio/7.0/toolchain/arm/arm-gnu-toolchain/bin/../lib/gcc/arm-none-eabi/5.3.1/../../../../arm-none-eabi/lib/armv7e-m\libc.a(lib_a-mallocr.o)
                0x20000880                __malloc_sbrk_base
                0x20000884                . = ALIGN (0x4)
                0x20000884                _erelocate = .

.bss            0x20000884    0x1aeb0 load address 0x00409dcc
                0x20000884                . = ALIGN (0x4)
                0x20000884                _sbss = .
                0x20000884                _szero = .
 *(.bss .bss.*)
 .bss           0x20000884       0x1c c:/program files (x86)/atmel/studio/7.0/toolchain/arm/arm-gnu-toolchain/bin/../lib/gcc/arm-none-eabi/5.3.1/armv7e-m/crtbegin.o
 .bss.received_byte_wifi
                0x200008a0        0x4 src/wifi.o
                0x200008a0                received_byte_wifi
 .bss.input_pos_wifi
                0x200008a4        0x4 src/wifi.o
                0x200008a4                input_pos_wifi
 .bss.wifi_web_setup_flag
                0x200008a8        0x4 src/wifi.o
                0x200008a8                wifi_web_setup_flag
 .bss.process_flag
                0x200008ac        0x4 src/wifi.o
                0x200008ac                process_flag
 .bss.stream_flag
                0x200008b0        0x4 src/wifi.o
                0x200008b0                stream_flag
 .bss.ul_sysclk.8765
                0x200008b4        0x4 src/wifi.o
 .bss.gs_interrupt_sources
                0x200008b8       0x70 src/ASF/sam/drivers/pio/pio_handler.o
 .bss.gs_ul_nb_sources
                0x20000928        0x4 src/ASF/sam/drivers/pio/pio_handler.o
 .bss.pio_capture_handler
                0x2000092c        0x4 src/ASF/sam/drivers/pio/pio_handler.o
 .bss.ul_reg_val.7456
                0x20000930        0x4 src/ASF/sam/drivers/usart/usart.o
 .bss.g_ul_vsync_flag
                0x20000934        0x4 src/camera.o
                0x20000934                g_ul_vsync_flag
 .bss.heap.5287
                0x20000938        0x4 src/ASF/sam/utils/syscalls/gcc/syscalls.o
 .bss.__malloc_max_total_mem
                0x2000093c        0x4 c:/program files (x86)/atmel/studio/7.0/toolchain/arm/arm-gnu-toolchain/bin/../lib/gcc/arm-none-eabi/5.3.1/../../../../arm-none-eabi/lib/armv7e-m\libc.a(lib_a-mallocr.o)
                0x2000093c                __malloc_max_total_mem
 .bss.__malloc_max_sbrked_mem
                0x20000940        0x4 c:/program files (x86)/atmel/studio/7.0/toolchain/arm/arm-gnu-toolchain/bin/../lib/gcc/arm-none-eabi/5.3.1/../../../../arm-none-eabi/lib/armv7e-m\libc.a(lib_a-mallocr.o)
                0x20000940                __malloc_max_sbrked_mem
 .bss.__malloc_top_pad
                0x20000944        0x4 c:/program files (x86)/atmel/studio/7.0/toolchain/arm/arm-gnu-toolchain/bin/../lib/gcc/arm-none-eabi/5.3.1/../../../../arm-none-eabi/lib/armv7e-m\libc.a(lib_a-mallocr.o)
                0x20000944                __malloc_top_pad
 .bss.__malloc_current_mallinfo
                0x20000948       0x28 c:/program files (x86)/atmel/studio/7.0/toolchain/arm/arm-gnu-toolchain/bin/../lib/gcc/arm-none-eabi/5.3.1/../../../../arm-none-eabi/lib/armv7e-m\libc.a(lib_a-mallocr.o)
                0x20000948                __malloc_current_mallinfo
 *(COMMON)
 COMMON         0x20000970    0x1adb9 src/wifi.o
                0x20000970                input_line_wifi
                0x20003080                im_length
                0x20003084                im_start
                0x20003088                image_buf
                0x2001b728                counts
 *fill*         0x2001b729        0x3 
 COMMON         0x2001b72c        0x4 src/ASF/sam/drivers/pio/pio.o
                0x2001b72c                pio_capture_enable_flag
 COMMON         0x2001b730        0x4 c:/program files (x86)/atmel/studio/7.0/toolchain/arm/arm-gnu-toolchain/bin/../lib/gcc/arm-none-eabi/5.3.1/../../../../arm-none-eabi/lib/armv7e-m\libc.a(lib_a-reent.o)
                0x2001b730                errno
                0x2001b734                . = ALIGN (0x4)
                0x2001b734                _ebss = .
                0x2001b734                _ezero = .

.stack          0x2001b734     0x3004 load address 0x00424c7c
                0x2001b738                . = ALIGN (0x8)
 *fill*         0x2001b734        0x4 
                0x2001b738                _sstack = .
                0x2001e738                . = (. + __stack_size__)
 *fill*         0x2001b738     0x3000 
                0x2001e738                . = ALIGN (0x8)
                0x2001e738                _estack = .
                0x2001e738                . = ALIGN (0x4)
                0x2001e738                _end = .
OUTPUT(Hw4.elf elf32-littlearm)

.ARM.attributes
                0x00000000       0x2a
 .ARM.attributes
                0x00000000       0x1e c:/program files (x86)/atmel/studio/7.0/toolchain/arm/arm-gnu-toolchain/bin/../lib/gcc/arm-none-eabi/5.3.1/armv7e-m/crti.o
 .ARM.attributes
                0x0000001e       0x2e c:/program files (x86)/atmel/studio/7.0/toolchain/arm/arm-gnu-toolchain/bin/../lib/gcc/arm-none-eabi/5.3.1/armv7e-m/crtbegin.o
 .ARM.attributes
                0x0000004c       0x33 src/ASF/sam/drivers/tc/tc.o
 .ARM.attributes
                0x0000007f       0x33 src/wifi.o
 .ARM.attributes
                0x000000b2       0x33 src/ASF/common/services/clock/sam4s/sysclk.o
 .ARM.attributes
                0x000000e5       0x33 src/ASF/common/services/delay/sam/cycle_counter.o
 .ARM.attributes
                0x00000118       0x33 src/ASF/sam/drivers/pio/pio.o
 .ARM.attributes
                0x0000014b       0x33 src/ASF/sam/drivers/pio/pio_handler.o
 .ARM.attributes
                0x0000017e       0x33 src/ASF/sam/drivers/pmc/pmc.o
 .ARM.attributes
                0x000001b1       0x33 src/ASF/sam/drivers/twi/twi.o
 .ARM.attributes
                0x000001e4       0x33 src/ASF/sam/drivers/usart/usart.o
 .ARM.attributes
                0x00000217       0x33 src/ASF/sam/drivers/wdt/wdt.o
 .ARM.attributes
                0x0000024a       0x33 src/camera.o
 .ARM.attributes
                0x0000027d       0x33 src/main.o
 .ARM.attributes
                0x000002b0       0x33 src/ov2640.o
 .ARM.attributes
                0x000002e3       0x33 src/ov2640_table_registers.o
 .ARM.attributes
                0x00000316       0x33 src/timer_interface.o
 .ARM.attributes
                0x00000349       0x33 src/ASF/common/boards/user_board/init.o
 .ARM.attributes
                0x0000037c       0x33 src/ASF/sam/utils/cmsis/sam4s/source/templates/gcc/startup_sam4s.o
 .ARM.attributes
                0x000003af       0x33 src/ASF/sam/utils/cmsis/sam4s/source/templates/system_sam4s.o
 .ARM.attributes
                0x000003e2       0x33 src/ASF/sam/utils/syscalls/gcc/syscalls.o
 .ARM.attributes
                0x00000415       0x1e c:/program files (x86)/atmel/studio/7.0/toolchain/arm/arm-gnu-toolchain/bin/../lib/gcc/arm-none-eabi/5.3.1/armv7e-m\libgcc.a(_aeabi_uldivmod.o)
 .ARM.attributes
                0x00000433       0x2e c:/program files (x86)/atmel/studio/7.0/toolchain/arm/arm-gnu-toolchain/bin/../lib/gcc/arm-none-eabi/5.3.1/armv7e-m\libgcc.a(_udivmoddi4.o)
 .ARM.attributes
                0x00000461       0x1e c:/program files (x86)/atmel/studio/7.0/toolchain/arm/arm-gnu-toolchain/bin/../lib/gcc/arm-none-eabi/5.3.1/armv7e-m\libgcc.a(_dvmd_tls.o)
 .ARM.attributes
                0x0000047f       0x2e c:/program files (x86)/atmel/studio/7.0/toolchain/arm/arm-gnu-toolchain/bin/../lib/gcc/arm-none-eabi/5.3.1/../../../../arm-none-eabi/lib/armv7e-m\libc.a(lib_a-impure.o)
 .ARM.attributes
                0x000004ad       0x2e c:/program files (x86)/atmel/studio/7.0/toolchain/arm/arm-gnu-toolchain/bin/../lib/gcc/arm-none-eabi/5.3.1/../../../../arm-none-eabi/lib/armv7e-m\libc.a(lib_a-init.o)
 .ARM.attributes
                0x000004db       0x2e c:/program files (x86)/atmel/studio/7.0/toolchain/arm/arm-gnu-toolchain/bin/../lib/gcc/arm-none-eabi/5.3.1/../../../../arm-none-eabi/lib/armv7e-m\libc.a(lib_a-memset.o)
 .ARM.attributes
                0x00000509       0x2e c:/program files (x86)/atmel/studio/7.0/toolchain/arm/arm-gnu-toolchain/bin/../lib/gcc/arm-none-eabi/5.3.1/../../../../arm-none-eabi/lib/armv7e-m\libc.a(lib_a-sprintf.o)
 .ARM.attributes
                0x00000537       0x2e c:/program files (x86)/atmel/studio/7.0/toolchain/arm/arm-gnu-toolchain/bin/../lib/gcc/arm-none-eabi/5.3.1/../../../../arm-none-eabi/lib/armv7e-m\libc.a(lib_a-strstr.o)
 .ARM.attributes
                0x00000565       0x2e c:/program files (x86)/atmel/studio/7.0/toolchain/arm/arm-gnu-toolchain/bin/../lib/gcc/arm-none-eabi/5.3.1/../../../../arm-none-eabi/lib/armv7e-m\libc.a(lib_a-svfprintf.o)
 .ARM.attributes
                0x00000593       0x2e c:/program files (x86)/atmel/studio/7.0/toolchain/arm/arm-gnu-toolchain/bin/../lib/gcc/arm-none-eabi/5.3.1/../../../../arm-none-eabi/lib/armv7e-m\libc.a(lib_a-__call_atexit.o)
 .ARM.attributes
                0x000005c1       0x2e c:/program files (x86)/atmel/studio/7.0/toolchain/arm/arm-gnu-toolchain/bin/../lib/gcc/arm-none-eabi/5.3.1/../../../../arm-none-eabi/lib/armv7e-m\libc.a(lib_a-atexit.o)
 .ARM.attributes
                0x000005ef       0x2e c:/program files (x86)/atmel/studio/7.0/toolchain/arm/arm-gnu-toolchain/bin/../lib/gcc/arm-none-eabi/5.3.1/../../../../arm-none-eabi/lib/armv7e-m\libc.a(lib_a-dtoa.o)
 .ARM.attributes
                0x0000061d       0x2e c:/program files (x86)/atmel/studio/7.0/toolchain/arm/arm-gnu-toolchain/bin/../lib/gcc/arm-none-eabi/5.3.1/../../../../arm-none-eabi/lib/armv7e-m\libc.a(lib_a-fini.o)
 .ARM.attributes
                0x0000064b       0x2e c:/program files (x86)/atmel/studio/7.0/toolchain/arm/arm-gnu-toolchain/bin/../lib/gcc/arm-none-eabi/5.3.1/../../../../arm-none-eabi/lib/armv7e-m\libc.a(lib_a-locale.o)
 .ARM.attributes
                0x00000679       0x2e c:/program files (x86)/atmel/studio/7.0/toolchain/arm/arm-gnu-toolchain/bin/../lib/gcc/arm-none-eabi/5.3.1/../../../../arm-none-eabi/lib/armv7e-m\libc.a(lib_a-mallocr.o)
 .ARM.attributes
                0x000006a7       0x1c c:/program files (x86)/atmel/studio/7.0/toolchain/arm/arm-gnu-toolchain/bin/../lib/gcc/arm-none-eabi/5.3.1/../../../../arm-none-eabi/lib/armv7e-m\libc.a(lib_a-memchr.o)
 .ARM.attributes
                0x000006c3       0x2e c:/program files (x86)/atmel/studio/7.0/toolchain/arm/arm-gnu-toolchain/bin/../lib/gcc/arm-none-eabi/5.3.1/../../../../arm-none-eabi/lib/armv7e-m\libc.a(lib_a-memcmp.o)
 .ARM.attributes
                0x000006f1       0x1c c:/program files (x86)/atmel/studio/7.0/toolchain/arm/arm-gnu-toolchain/bin/../lib/gcc/arm-none-eabi/5.3.1/../../../../arm-none-eabi/lib/armv7e-m\libc.a(lib_a-memcpy.o)
 .ARM.attributes
                0x0000070d       0x2e c:/program files (x86)/atmel/studio/7.0/toolchain/arm/arm-gnu-toolchain/bin/../lib/gcc/arm-none-eabi/5.3.1/../../../../arm-none-eabi/lib/armv7e-m\libc.a(lib_a-mlock.o)
 .ARM.attributes
                0x0000073b       0x2e c:/program files (x86)/atmel/studio/7.0/toolchain/arm/arm-gnu-toolchain/bin/../lib/gcc/arm-none-eabi/5.3.1/../../../../arm-none-eabi/lib/armv7e-m\libc.a(lib_a-mprec.o)
 .ARM.attributes
                0x00000769       0x2e c:/program files (x86)/atmel/studio/7.0/toolchain/arm/arm-gnu-toolchain/bin/../lib/gcc/arm-none-eabi/5.3.1/../../../../arm-none-eabi/lib/armv7e-m\libc.a(lib_a-sbrkr.o)
 .ARM.attributes
                0x00000797       0x2e c:/program files (x86)/atmel/studio/7.0/toolchain/arm/arm-gnu-toolchain/bin/../lib/gcc/arm-none-eabi/5.3.1/../../../../arm-none-eabi/lib/armv7e-m\libc.a(lib_a-strchr.o)
 .ARM.attributes
                0x000007c5       0x1c c:/program files (x86)/atmel/studio/7.0/toolchain/arm/arm-gnu-toolchain/bin/../lib/gcc/arm-none-eabi/5.3.1/../../../../arm-none-eabi/lib/armv7e-m\libc.a(lib_a-strlen.o)
 .ARM.attributes
                0x000007e1       0x2e c:/program files (x86)/atmel/studio/7.0/toolchain/arm/arm-gnu-toolchain/bin/../lib/gcc/arm-none-eabi/5.3.1/../../../../arm-none-eabi/lib/armv7e-m\libc.a(lib_a-svfiprintf.o)
 .ARM.attributes
                0x0000080f       0x2e c:/program files (x86)/atmel/studio/7.0/toolchain/arm/arm-gnu-toolchain/bin/../lib/gcc/arm-none-eabi/5.3.1/../../../../arm-none-eabi/lib/armv7e-m\libc.a(lib_a-__atexit.o)
 .ARM.attributes
                0x0000083d       0x2e c:/program files (x86)/atmel/studio/7.0/toolchain/arm/arm-gnu-toolchain/bin/../lib/gcc/arm-none-eabi/5.3.1/../../../../arm-none-eabi/lib/armv7e-m\libc.a(lib_a-callocr.o)
 .ARM.attributes
                0x0000086b       0x2e c:/program files (x86)/atmel/studio/7.0/toolchain/arm/arm-gnu-toolchain/bin/../lib/gcc/arm-none-eabi/5.3.1/../../../../arm-none-eabi/lib/armv7e-m\libc.a(lib_a-freer.o)
 .ARM.attributes
                0x00000899       0x2e c:/program files (x86)/atmel/studio/7.0/toolchain/arm/arm-gnu-toolchain/bin/../lib/gcc/arm-none-eabi/5.3.1/../../../../arm-none-eabi/lib/armv7e-m\libc.a(lib_a-memmove.o)
 .ARM.attributes
                0x000008c7       0x2e c:/program files (x86)/atmel/studio/7.0/toolchain/arm/arm-gnu-toolchain/bin/../lib/gcc/arm-none-eabi/5.3.1/../../../../arm-none-eabi/lib/armv7e-m\libc.a(lib_a-reallocr.o)
 .ARM.attributes
                0x000008f5       0x2e c:/program files (x86)/atmel/studio/7.0/toolchain/arm/arm-gnu-toolchain/bin/../lib/gcc/arm-none-eabi/5.3.1/../../../../arm-none-eabi/lib/armv7e-m\libc.a(lib_a-reent.o)
 .ARM.attributes
                0x00000923       0x1e c:/program files (x86)/atmel/studio/7.0/toolchain/arm/arm-gnu-toolchain/bin/../lib/gcc/arm-none-eabi/5.3.1/armv7e-m\libgcc.a(_arm_addsubdf3.o)
 .ARM.attributes
                0x00000941       0x1e c:/program files (x86)/atmel/studio/7.0/toolchain/arm/arm-gnu-toolchain/bin/../lib/gcc/arm-none-eabi/5.3.1/armv7e-m\libgcc.a(_arm_muldivdf3.o)
 .ARM.attributes
                0x0000095f       0x1e c:/program files (x86)/atmel/studio/7.0/toolchain/arm/arm-gnu-toolchain/bin/../lib/gcc/arm-none-eabi/5.3.1/armv7e-m\libgcc.a(_arm_cmpdf2.o)
 .ARM.attributes
                0x0000097d       0x1e c:/program files (x86)/atmel/studio/7.0/toolchain/arm/arm-gnu-toolchain/bin/../lib/gcc/arm-none-eabi/5.3.1/armv7e-m\libgcc.a(_arm_unorddf2.o)
 .ARM.attributes
                0x0000099b       0x1e c:/program files (x86)/atmel/studio/7.0/toolchain/arm/arm-gnu-toolchain/bin/../lib/gcc/arm-none-eabi/5.3.1/armv7e-m\libgcc.a(_arm_fixdfsi.o)
 .ARM.attributes
                0x000009b9       0x1e c:/program files (x86)/atmel/studio/7.0/toolchain/arm/arm-gnu-toolchain/bin/../lib/gcc/arm-none-eabi/5.3.1/armv7e-m/crtn.o

.comment        0x00000000       0x59
 .comment       0x00000000       0x59 src/ASF/sam/drivers/tc/tc.o
                                 0x5a (size before relaxing)
 .comment       0x00000059       0x5a src/wifi.o
 .comment       0x00000059       0x5a src/ASF/common/services/clock/sam4s/sysclk.o
 .comment       0x00000059       0x5a src/ASF/common/services/delay/sam/cycle_counter.o
 .comment       0x00000059       0x5a src/ASF/sam/drivers/pio/pio.o
 .comment       0x00000059       0x5a src/ASF/sam/drivers/pio/pio_handler.o
 .comment       0x00000059       0x5a src/ASF/sam/drivers/pmc/pmc.o
 .comment       0x00000059       0x5a src/ASF/sam/drivers/twi/twi.o
 .comment       0x00000059       0x5a src/ASF/sam/drivers/usart/usart.o
 .comment       0x00000059       0x5a src/ASF/sam/drivers/wdt/wdt.o
 .comment       0x00000059       0x5a src/camera.o
 .comment       0x00000059       0x5a src/main.o
 .comment       0x00000059       0x5a src/ov2640.o
 .comment       0x00000059       0x5a src/ov2640_table_registers.o
 .comment       0x00000059       0x5a src/timer_interface.o
 .comment       0x00000059       0x5a src/ASF/common/boards/user_board/init.o
 .comment       0x00000059       0x5a src/ASF/sam/utils/cmsis/sam4s/source/templates/gcc/startup_sam4s.o
 .comment       0x00000059       0x5a src/ASF/sam/utils/cmsis/sam4s/source/templates/system_sam4s.o
 .comment       0x00000059       0x5a src/ASF/sam/utils/syscalls/gcc/syscalls.o

.debug_info     0x00000000     0xcabe
 .debug_info    0x00000000      0x944 src/ASF/sam/drivers/tc/tc.o
 .debug_info    0x00000944     0x126b src/wifi.o
 .debug_info    0x00001baf      0x691 src/ASF/common/services/clock/sam4s/sysclk.o
 .debug_info    0x00002240      0x134 src/ASF/common/services/delay/sam/cycle_counter.o
 .debug_info    0x00002374     0x1378 src/ASF/sam/drivers/pio/pio.o
 .debug_info    0x000036ec      0xddf src/ASF/sam/drivers/pio/pio_handler.o
 .debug_info    0x000044cb     0x10cf src/ASF/sam/drivers/pmc/pmc.o
 .debug_info    0x0000559a      0xa27 src/ASF/sam/drivers/twi/twi.o
 .debug_info    0x00005fc1     0x14b2 src/ASF/sam/drivers/usart/usart.o
 .debug_info    0x00007473      0x2d2 src/ASF/sam/drivers/wdt/wdt.o
 .debug_info    0x00007745     0x1334 src/camera.o
 .debug_info    0x00008a79      0xcde src/main.o
 .debug_info    0x00009757     0x1100 src/ov2640.o
 .debug_info    0x0000a857      0x385 src/ov2640_table_registers.o
 .debug_info    0x0000abdc      0x685 src/timer_interface.o
 .debug_info    0x0000b261      0x925 src/ASF/common/boards/user_board/init.o
 .debug_info    0x0000bb86      0x696 src/ASF/sam/utils/cmsis/sam4s/source/templates/gcc/startup_sam4s.o
 .debug_info    0x0000c21c      0x46d src/ASF/sam/utils/cmsis/sam4s/source/templates/system_sam4s.o
 .debug_info    0x0000c689      0x435 src/ASF/sam/utils/syscalls/gcc/syscalls.o

.debug_abbrev   0x00000000     0x21c5
 .debug_abbrev  0x00000000      0x158 src/ASF/sam/drivers/tc/tc.o
 .debug_abbrev  0x00000158      0x314 src/wifi.o
 .debug_abbrev  0x0000046c      0x1b6 src/ASF/common/services/clock/sam4s/sysclk.o
 .debug_abbrev  0x00000622       0x9d src/ASF/common/services/delay/sam/cycle_counter.o
 .debug_abbrev  0x000006bf      0x1cf src/ASF/sam/drivers/pio/pio.o
 .debug_abbrev  0x0000088e      0x234 src/ASF/sam/drivers/pio/pio_handler.o
 .debug_abbrev  0x00000ac2      0x20d src/ASF/sam/drivers/pmc/pmc.o
 .debug_abbrev  0x00000ccf      0x1eb src/ASF/sam/drivers/twi/twi.o
 .debug_abbrev  0x00000eba      0x214 src/ASF/sam/drivers/usart/usart.o
 .debug_abbrev  0x000010ce      0x101 src/ASF/sam/drivers/wdt/wdt.o
 .debug_abbrev  0x000011cf      0x280 src/camera.o
 .debug_abbrev  0x0000144f      0x2fc src/main.o
 .debug_abbrev  0x0000174b      0x254 src/ov2640.o
 .debug_abbrev  0x0000199f       0xd4 src/ov2640_table_registers.o
 .debug_abbrev  0x00001a73      0x1ad src/timer_interface.o
 .debug_abbrev  0x00001c20      0x231 src/ASF/common/boards/user_board/init.o
 .debug_abbrev  0x00001e51      0x15f src/ASF/sam/utils/cmsis/sam4s/source/templates/gcc/startup_sam4s.o
 .debug_abbrev  0x00001fb0       0xf5 src/ASF/sam/utils/cmsis/sam4s/source/templates/system_sam4s.o
 .debug_abbrev  0x000020a5      0x120 src/ASF/sam/utils/syscalls/gcc/syscalls.o

.debug_loc      0x00000000     0x70ea
 .debug_loc     0x00000000      0x844 src/ASF/sam/drivers/tc/tc.o
 .debug_loc     0x00000844      0x536 src/wifi.o
 .debug_loc     0x00000d7a      0x424 src/ASF/common/services/clock/sam4s/sysclk.o
 .debug_loc     0x0000119e     0x1174 src/ASF/sam/drivers/pio/pio.o
 .debug_loc     0x00002312      0x364 src/ASF/sam/drivers/pio/pio_handler.o
 .debug_loc     0x00002676     0x1450 src/ASF/sam/drivers/pmc/pmc.o
 .debug_loc     0x00003ac6      0x7ac src/ASF/sam/drivers/twi/twi.o
 .debug_loc     0x00004272     0x17d4 src/ASF/sam/drivers/usart/usart.o
 .debug_loc     0x00005a46      0x228 src/ASF/sam/drivers/wdt/wdt.o
 .debug_loc     0x00005c6e      0x51a src/camera.o
 .debug_loc     0x00006188      0x27e src/main.o
 .debug_loc     0x00006406      0x5c4 src/ov2640.o
 .debug_loc     0x000069ca      0x1b0 src/timer_interface.o
 .debug_loc     0x00006b7a      0x104 src/ASF/common/boards/user_board/init.o
 .debug_loc     0x00006c7e       0x64 src/ASF/sam/utils/cmsis/sam4s/source/templates/gcc/startup_sam4s.o
 .debug_loc     0x00006ce2       0xe4 src/ASF/sam/utils/cmsis/sam4s/source/templates/system_sam4s.o
 .debug_loc     0x00006dc6      0x324 src/ASF/sam/utils/syscalls/gcc/syscalls.o

.debug_aranges  0x00000000      0xc80
 .debug_aranges
                0x00000000       0xd0 src/ASF/sam/drivers/tc/tc.o
 .debug_aranges
                0x000000d0       0xa8 src/wifi.o
 .debug_aranges
                0x00000178       0x88 src/ASF/common/services/clock/sam4s/sysclk.o
 .debug_aranges
                0x00000200       0x20 src/ASF/common/services/delay/sam/cycle_counter.o
 .debug_aranges
                0x00000220      0x1a8 src/ASF/sam/drivers/pio/pio.o
 .debug_aranges
                0x000003c8       0x70 src/ASF/sam/drivers/pio/pio_handler.o
 .debug_aranges
                0x00000438      0x208 src/ASF/sam/drivers/pmc/pmc.o
 .debug_aranges
                0x00000640       0xc8 src/ASF/sam/drivers/twi/twi.o
 .debug_aranges
                0x00000708      0x238 src/ASF/sam/drivers/usart/usart.o
 .debug_aranges
                0x00000940       0x48 src/ASF/sam/drivers/wdt/wdt.o
 .debug_aranges
                0x00000988       0x98 src/camera.o
 .debug_aranges
                0x00000a20       0x60 src/main.o
 .debug_aranges
                0x00000a80       0xb0 src/ov2640.o
 .debug_aranges
                0x00000b30       0x18 src/ov2640_table_registers.o
 .debug_aranges
                0x00000b48       0x48 src/timer_interface.o
 .debug_aranges
                0x00000b90       0x38 src/ASF/common/boards/user_board/init.o
 .debug_aranges
                0x00000bc8       0x28 src/ASF/sam/utils/cmsis/sam4s/source/templates/gcc/startup_sam4s.o
 .debug_aranges
                0x00000bf0       0x30 src/ASF/sam/utils/cmsis/sam4s/source/templates/system_sam4s.o
 .debug_aranges
                0x00000c20       0x60 src/ASF/sam/utils/syscalls/gcc/syscalls.o

.debug_ranges   0x00000000      0xb60
 .debug_ranges  0x00000000       0xc0 src/ASF/sam/drivers/tc/tc.o
 .debug_ranges  0x000000c0       0x98 src/wifi.o
 .debug_ranges  0x00000158       0x78 src/ASF/common/services/clock/sam4s/sysclk.o
 .debug_ranges  0x000001d0       0x10 src/ASF/common/services/delay/sam/cycle_counter.o
 .debug_ranges  0x000001e0      0x198 src/ASF/sam/drivers/pio/pio.o
 .debug_ranges  0x00000378       0x60 src/ASF/sam/drivers/pio/pio_handler.o
 .debug_ranges  0x000003d8      0x1f8 src/ASF/sam/drivers/pmc/pmc.o
 .debug_ranges  0x000005d0       0xb8 src/ASF/sam/drivers/twi/twi.o
 .debug_ranges  0x00000688      0x228 src/ASF/sam/drivers/usart/usart.o
 .debug_ranges  0x000008b0       0x38 src/ASF/sam/drivers/wdt/wdt.o
 .debug_ranges  0x000008e8       0x88 src/camera.o
 .debug_ranges  0x00000970       0x68 src/main.o
 .debug_ranges  0x000009d8       0xa0 src/ov2640.o
 .debug_ranges  0x00000a78       0x38 src/timer_interface.o
 .debug_ranges  0x00000ab0       0x28 src/ASF/common/boards/user_board/init.o
 .debug_ranges  0x00000ad8       0x18 src/ASF/sam/utils/cmsis/sam4s/source/templates/gcc/startup_sam4s.o
 .debug_ranges  0x00000af0       0x20 src/ASF/sam/utils/cmsis/sam4s/source/templates/system_sam4s.o
 .debug_ranges  0x00000b10       0x50 src/ASF/sam/utils/syscalls/gcc/syscalls.o

.debug_macro    0x00000000    0x14ce5
 .debug_macro   0x00000000      0x4c9 src/ASF/sam/drivers/tc/tc.o
 .debug_macro   0x000004c9      0x898 src/ASF/sam/drivers/tc/tc.o
 .debug_macro   0x00000d61       0x22 src/ASF/sam/drivers/tc/tc.o
 .debug_macro   0x00000d83       0x4c src/ASF/sam/drivers/tc/tc.o
 .debug_macro   0x00000dcf       0x8d src/ASF/sam/drivers/tc/tc.o
 .debug_macro   0x00000e5c       0x35 src/ASF/sam/drivers/tc/tc.o
 .debug_macro   0x00000e91       0x9c src/ASF/sam/drivers/tc/tc.o
 .debug_macro   0x00000f2d       0x16 src/ASF/sam/drivers/tc/tc.o
 .debug_macro   0x00000f43      0x16d src/ASF/sam/drivers/tc/tc.o
 .debug_macro   0x000010b0      0x652 src/ASF/sam/drivers/tc/tc.o
 .debug_macro   0x00001702       0x76 src/ASF/sam/drivers/tc/tc.o
 .debug_macro   0x00001778       0x16 src/ASF/sam/drivers/tc/tc.o
 .debug_macro   0x0000178e      0x6e4 src/ASF/sam/drivers/tc/tc.o
 .debug_macro   0x00001e72       0x4a src/ASF/sam/drivers/tc/tc.o
 .debug_macro   0x00001ebc       0xfd src/ASF/sam/drivers/tc/tc.o
 .debug_macro   0x00001fb9       0x22 src/ASF/sam/drivers/tc/tc.o
 .debug_macro   0x00001fdb      0x1df src/ASF/sam/drivers/tc/tc.o
 .debug_macro   0x000021ba       0x27 src/ASF/sam/drivers/tc/tc.o
 .debug_macro   0x000021e1       0x3b src/ASF/sam/drivers/tc/tc.o
 .debug_macro   0x0000221c       0x2d src/ASF/sam/drivers/tc/tc.o
 .debug_macro   0x00002249       0x26 src/ASF/sam/drivers/tc/tc.o
 .debug_macro   0x0000226f      0xbbf src/ASF/sam/drivers/tc/tc.o
 .debug_macro   0x00002e2e      0x159 src/ASF/sam/drivers/tc/tc.o
 .debug_macro   0x00002f87      0xaaf src/ASF/sam/drivers/tc/tc.o
 .debug_macro   0x00003a36      0x284 src/ASF/sam/drivers/tc/tc.o
 .debug_macro   0x00003cba       0xac src/ASF/sam/drivers/tc/tc.o
 .debug_macro   0x00003d66      0x401 src/ASF/sam/drivers/tc/tc.o
 .debug_macro   0x00004167      0x106 src/ASF/sam/drivers/tc/tc.o
 .debug_macro   0x0000426d       0x1c src/ASF/sam/drivers/tc/tc.o
 .debug_macro   0x00004289      0x738 src/ASF/sam/drivers/tc/tc.o
 .debug_macro   0x000049c1      0x2d2 src/ASF/sam/drivers/tc/tc.o
 .debug_macro   0x00004c93       0xbe src/ASF/sam/drivers/tc/tc.o
 .debug_macro   0x00004d51     0x280b src/ASF/sam/drivers/tc/tc.o
 .debug_macro   0x0000755c      0x777 src/ASF/sam/drivers/tc/tc.o
 .debug_macro   0x00007cd3      0xa8e src/ASF/sam/drivers/tc/tc.o
 .debug_macro   0x00008761       0x9a src/ASF/sam/drivers/tc/tc.o
 .debug_macro   0x000087fb      0x3d8 src/ASF/sam/drivers/tc/tc.o
 .debug_macro   0x00008bd3       0x64 src/ASF/sam/drivers/tc/tc.o
 .debug_macro   0x00008c37      0x386 src/ASF/sam/drivers/tc/tc.o
 .debug_macro   0x00008fbd      0x624 src/ASF/sam/drivers/tc/tc.o
 .debug_macro   0x000095e1      0x690 src/ASF/sam/drivers/tc/tc.o
 .debug_macro   0x00009c71      0x59f src/ASF/sam/drivers/tc/tc.o
 .debug_macro   0x0000a210      0x34d src/ASF/sam/drivers/tc/tc.o
 .debug_macro   0x0000a55d      0x28c src/ASF/sam/drivers/tc/tc.o
 .debug_macro   0x0000a7e9      0x2d6 src/ASF/sam/drivers/tc/tc.o
 .debug_macro   0x0000aabf      0x6d9 src/ASF/sam/drivers/tc/tc.o
 .debug_macro   0x0000b198       0x76 src/ASF/sam/drivers/tc/tc.o
 .debug_macro   0x0000b20e       0xb8 src/ASF/sam/drivers/tc/tc.o
 .debug_macro   0x0000b2c6       0xb2 src/ASF/sam/drivers/tc/tc.o
 .debug_macro   0x0000b378       0x88 src/ASF/sam/drivers/tc/tc.o
 .debug_macro   0x0000b400      0x105 src/ASF/sam/drivers/tc/tc.o
 .debug_macro   0x0000b505       0x88 src/ASF/sam/drivers/tc/tc.o
 .debug_macro   0x0000b58d       0x88 src/ASF/sam/drivers/tc/tc.o
 .debug_macro   0x0000b615      0x2cd src/ASF/sam/drivers/tc/tc.o
 .debug_macro   0x0000b8e2       0xb2 src/ASF/sam/drivers/tc/tc.o
 .debug_macro   0x0000b994       0xb2 src/ASF/sam/drivers/tc/tc.o
 .debug_macro   0x0000ba46       0x52 src/ASF/sam/drivers/tc/tc.o
 .debug_macro   0x0000ba98       0xac src/ASF/sam/drivers/tc/tc.o
 .debug_macro   0x0000bb44       0x7c src/ASF/sam/drivers/tc/tc.o
 .debug_macro   0x0000bbc0       0x40 src/ASF/sam/drivers/tc/tc.o
 .debug_macro   0x0000bc00       0x64 src/ASF/sam/drivers/tc/tc.o
 .debug_macro   0x0000bc64       0x4c src/ASF/sam/drivers/tc/tc.o
 .debug_macro   0x0000bcb0       0xa6 src/ASF/sam/drivers/tc/tc.o
 .debug_macro   0x0000bd56       0x7c src/ASF/sam/drivers/tc/tc.o
 .debug_macro   0x0000bdd2       0x16 src/ASF/sam/drivers/tc/tc.o
 .debug_macro   0x0000bde8       0x7c src/ASF/sam/drivers/tc/tc.o
 .debug_macro   0x0000be64       0x22 src/ASF/sam/drivers/tc/tc.o
 .debug_macro   0x0000be86      0x195 src/ASF/sam/drivers/tc/tc.o
 .debug_macro   0x0000c01b      0x165 src/ASF/sam/drivers/tc/tc.o
 .debug_macro   0x0000c180       0x1c src/ASF/sam/drivers/tc/tc.o
 .debug_macro   0x0000c19c       0x2e src/ASF/sam/drivers/tc/tc.o
 .debug_macro   0x0000c1ca       0x22 src/ASF/sam/drivers/tc/tc.o
 .debug_macro   0x0000c1ec       0x1c src/ASF/sam/drivers/tc/tc.o
 .debug_macro   0x0000c208       0x52 src/ASF/sam/drivers/tc/tc.o
 .debug_macro   0x0000c25a       0x10 src/ASF/sam/drivers/tc/tc.o
 .debug_macro   0x0000c26a      0x1e7 src/ASF/sam/drivers/tc/tc.o
 .debug_macro   0x0000c451      0x60e src/ASF/sam/drivers/tc/tc.o
 .debug_macro   0x0000ca5f      0x107 src/ASF/sam/drivers/tc/tc.o
 .debug_macro   0x0000cb66       0x1c src/ASF/sam/drivers/tc/tc.o
 .debug_macro   0x0000cb82       0x35 src/ASF/sam/drivers/tc/tc.o
 .debug_macro   0x0000cbb7      0x330 src/ASF/sam/drivers/tc/tc.o
 .debug_macro   0x0000cee7       0x10 src/ASF/sam/drivers/tc/tc.o
 .debug_macro   0x0000cef7       0x52 src/ASF/sam/drivers/tc/tc.o
 .debug_macro   0x0000cf49       0x16 src/ASF/sam/drivers/tc/tc.o
 .debug_macro   0x0000cf5f       0x43 src/ASF/sam/drivers/tc/tc.o
 .debug_macro   0x0000cfa2      0x187 src/ASF/sam/drivers/tc/tc.o
 .debug_macro   0x0000d129       0x22 src/ASF/sam/drivers/tc/tc.o
 .debug_macro   0x0000d14b       0x3a src/ASF/sam/drivers/tc/tc.o
 .debug_macro   0x0000d185       0x10 src/ASF/sam/drivers/tc/tc.o
 .debug_macro   0x0000d195       0x40 src/ASF/sam/drivers/tc/tc.o
 .debug_macro   0x0000d1d5       0x6c src/ASF/sam/drivers/tc/tc.o
 .debug_macro   0x0000d241       0x16 src/ASF/sam/drivers/tc/tc.o
 .debug_macro   0x0000d257      0x182 src/ASF/sam/drivers/tc/tc.o
 .debug_macro   0x0000d3d9       0x22 src/ASF/sam/drivers/tc/tc.o
 .debug_macro   0x0000d3fb       0x16 src/ASF/sam/drivers/tc/tc.o
 .debug_macro   0x0000d411       0x16 src/ASF/sam/drivers/tc/tc.o
 .debug_macro   0x0000d427       0x29 src/ASF/sam/drivers/tc/tc.o
 .debug_macro   0x0000d450       0x75 src/ASF/sam/drivers/tc/tc.o
 .debug_macro   0x0000d4c5       0x3f src/ASF/sam/drivers/tc/tc.o
 .debug_macro   0x0000d504      0x3ca src/ASF/sam/drivers/tc/tc.o
 .debug_macro   0x0000d8ce      0x687 src/wifi.o
 .debug_macro   0x0000df55       0x87 src/wifi.o
 .debug_macro   0x0000dfdc       0x44 src/wifi.o
 .debug_macro   0x0000e020       0x52 src/wifi.o
 .debug_macro   0x0000e072       0x16 src/wifi.o
 .debug_macro   0x0000e088      0x2a5 src/wifi.o
 .debug_macro   0x0000e32d       0x28 src/wifi.o
 .debug_macro   0x0000e355      0x2bf src/wifi.o
 .debug_macro   0x0000e614       0x58 src/wifi.o
 .debug_macro   0x0000e66c       0x82 src/wifi.o
 .debug_macro   0x0000e6ee       0x46 src/wifi.o
 .debug_macro   0x0000e734       0x90 src/wifi.o
 .debug_macro   0x0000e7c4       0x28 src/wifi.o
 .debug_macro   0x0000e7ec       0x23 src/wifi.o
 .debug_macro   0x0000e80f       0x94 src/wifi.o
 .debug_macro   0x0000e8a3       0x40 src/wifi.o
 .debug_macro   0x0000e8e3       0x88 src/wifi.o
 .debug_macro   0x0000e96b       0x34 src/wifi.o
 .debug_macro   0x0000e99f       0x4c src/wifi.o
 .debug_macro   0x0000e9eb       0x10 src/wifi.o
 .debug_macro   0x0000e9fb       0x16 src/wifi.o
 .debug_macro   0x0000ea11       0x1c src/wifi.o
 .debug_macro   0x0000ea2d       0x2e src/wifi.o
 .debug_macro   0x0000ea5b       0x10 src/wifi.o
 .debug_macro   0x0000ea6b       0x16 src/wifi.o
 .debug_macro   0x0000ea81      0x401 src/wifi.o
 .debug_macro   0x0000ee82       0x16 src/wifi.o
 .debug_macro   0x0000ee98       0x10 src/wifi.o
 .debug_macro   0x0000eea8      0x52d src/ASF/common/services/clock/sam4s/sysclk.o
 .debug_macro   0x0000f3d5      0x2b9 src/ASF/common/services/clock/sam4s/sysclk.o
 .debug_macro   0x0000f68e      0x4c2 src/ASF/common/services/delay/sam/cycle_counter.o
 .debug_macro   0x0000fb50       0x22 src/ASF/common/services/delay/sam/cycle_counter.o
 .debug_macro   0x0000fb72      0x4c8 src/ASF/sam/drivers/pio/pio.o
 .debug_macro   0x0001003a       0x8e src/ASF/sam/drivers/pio/pio.o
 .debug_macro   0x000100c8      0x4d2 src/ASF/sam/drivers/pio/pio_handler.o
 .debug_macro   0x0001059a      0x4c8 src/ASF/sam/drivers/pmc/pmc.o
 .debug_macro   0x00010a62       0x52 src/ASF/sam/drivers/pmc/pmc.o
 .debug_macro   0x00010ab4      0x4ec src/ASF/sam/drivers/twi/twi.o
 .debug_macro   0x00010fa0       0x46 src/ASF/sam/drivers/twi/twi.o
 .debug_macro   0x00010fe6      0x4f8 src/ASF/sam/drivers/usart/usart.o
 .debug_macro   0x000114de       0x28 src/ASF/sam/drivers/usart/usart.o
 .debug_macro   0x00011506      0x4d5 src/ASF/sam/drivers/wdt/wdt.o
 .debug_macro   0x000119db      0x645 src/camera.o
 .debug_macro   0x00012020      0x680 src/main.o
 .debug_macro   0x000126a0       0x10 src/main.o
 .debug_macro   0x000126b0      0x580 src/ov2640.o
 .debug_macro   0x00012c30      0x3fb src/ov2640.o
 .debug_macro   0x0001302b      0x566 src/ov2640_table_registers.o
 .debug_macro   0x00013591      0x65a src/timer_interface.o
 .debug_macro   0x00013beb      0x630 src/ASF/common/boards/user_board/init.o
 .debug_macro   0x0001421b      0x2df src/ASF/sam/utils/cmsis/sam4s/source/templates/gcc/startup_sam4s.o
 .debug_macro   0x000144fa      0x2e7 src/ASF/sam/utils/cmsis/sam4s/source/templates/system_sam4s.o
 .debug_macro   0x000147e1      0x19c src/ASF/sam/utils/syscalls/gcc/syscalls.o
 .debug_macro   0x0001497d       0x97 src/ASF/sam/utils/syscalls/gcc/syscalls.o
 .debug_macro   0x00014a14       0xf6 src/ASF/sam/utils/syscalls/gcc/syscalls.o
 .debug_macro   0x00014b0a       0x52 src/ASF/sam/utils/syscalls/gcc/syscalls.o
 .debug_macro   0x00014b5c       0x16 src/ASF/sam/utils/syscalls/gcc/syscalls.o
 .debug_macro   0x00014b72       0x10 src/ASF/sam/utils/syscalls/gcc/syscalls.o
 .debug_macro   0x00014b82       0x41 src/ASF/sam/utils/syscalls/gcc/syscalls.o
 .debug_macro   0x00014bc3      0x122 src/ASF/sam/utils/syscalls/gcc/syscalls.o

.debug_line     0x00000000     0xeeaa
 .debug_line    0x00000000      0xba1 src/ASF/sam/drivers/tc/tc.o
 .debug_line    0x00000ba1     0x10b7 src/wifi.o
 .debug_line    0x00001c58      0xc49 src/ASF/common/services/clock/sam4s/sysclk.o
 .debug_line    0x000028a1      0xa02 src/ASF/common/services/delay/sam/cycle_counter.o
 .debug_line    0x000032a3      0xe1b src/ASF/sam/drivers/pio/pio.o
 .debug_line    0x000040be      0xb03 src/ASF/sam/drivers/pio/pio_handler.o
 .debug_line    0x00004bc1      0xff9 src/ASF/sam/drivers/pmc/pmc.o
 .debug_line    0x00005bba      0xc45 src/ASF/sam/drivers/twi/twi.o
 .debug_line    0x000067ff      0xfd0 src/ASF/sam/drivers/usart/usart.o
 .debug_line    0x000077cf      0xa4e src/ASF/sam/drivers/wdt/wdt.o
 .debug_line    0x0000821d     0x102d src/camera.o
 .debug_line    0x0000924a     0x1003 src/main.o
 .debug_line    0x0000a24d      0xe7a src/ov2640.o
 .debug_line    0x0000b0c7      0xbb0 src/ov2640_table_registers.o
 .debug_line    0x0000bc77      0xf0a src/timer_interface.o
 .debug_line    0x0000cb81      0xede src/ASF/common/boards/user_board/init.o
 .debug_line    0x0000da5f      0x819 src/ASF/sam/utils/cmsis/sam4s/source/templates/gcc/startup_sam4s.o
 .debug_line    0x0000e278      0x858 src/ASF/sam/utils/cmsis/sam4s/source/templates/system_sam4s.o
 .debug_line    0x0000ead0      0x3da src/ASF/sam/utils/syscalls/gcc/syscalls.o

.debug_str      0x00000000    0x4ea5d
 .debug_str     0x00000000    0x46e94 src/ASF/sam/drivers/tc/tc.o
                              0x471d6 (size before relaxing)
 .debug_str     0x00046e94     0x4d27 src/wifi.o
                              0x4bce4 (size before relaxing)
 .debug_str     0x0004bbbb      0x216 src/ASF/common/services/clock/sam4s/sysclk.o
                              0x49088 (size before relaxing)
 .debug_str     0x0004bdd1       0x35 src/ASF/common/services/delay/sam/cycle_counter.o
                              0x46feb (size before relaxing)
 .debug_str     0x0004be06      0x5ea src/ASF/sam/drivers/pio/pio.o
                              0x47a8b (size before relaxing)
 .debug_str     0x0004c3f0      0x1ad src/ASF/sam/drivers/pio/pio_handler.o
                              0x478ca (size before relaxing)
 .debug_str     0x0004c59d      0x6d4 src/ASF/sam/drivers/pmc/pmc.o
                              0x478da (size before relaxing)
 .debug_str     0x0004cc71      0x3cd src/ASF/sam/drivers/twi/twi.o
                              0x473b6 (size before relaxing)
 .debug_str     0x0004d03e      0x79f src/ASF/sam/drivers/usart/usart.o
                              0x47870 (size before relaxing)
 .debug_str     0x0004d7dd      0x109 src/ASF/sam/drivers/wdt/wdt.o
                              0x46f72 (size before relaxing)
 .debug_str     0x0004d8e6       0xef src/camera.o
                              0x4bc85 (size before relaxing)
 .debug_str     0x0004d9d5       0x93 src/main.o
                              0x4b88b (size before relaxing)
 .debug_str     0x0004da68      0x328 src/ov2640.o
                              0x4b2f8 (size before relaxing)
 .debug_str     0x0004dd90       0x20 src/ov2640_table_registers.o
                              0x4ab02 (size before relaxing)
 .debug_str     0x0004ddb0       0x30 src/timer_interface.o
                              0x4a0d7 (size before relaxing)
 .debug_str     0x0004dde0       0x36 src/ASF/common/boards/user_board/init.o
                              0x4a16f (size before relaxing)
 .debug_str     0x0004de16      0x401 src/ASF/sam/utils/cmsis/sam4s/source/templates/gcc/startup_sam4s.o
                              0x3818d (size before relaxing)
 .debug_str     0x0004e217       0xf1 src/ASF/sam/utils/cmsis/sam4s/source/templates/system_sam4s.o
                              0x37f63 (size before relaxing)
 .debug_str     0x0004e308      0x755 src/ASF/sam/utils/syscalls/gcc/syscalls.o
                               0x6993 (size before relaxing)

.debug_frame    0x00000000     0x3e00
 .debug_frame   0x00000000      0x3a8 src/ASF/sam/drivers/tc/tc.o
 .debug_frame   0x000003a8      0x2b0 src/wifi.o
 .debug_frame   0x00000658      0x200 src/ASF/common/services/clock/sam4s/sysclk.o
 .debug_frame   0x00000858       0x20 src/ASF/common/services/delay/sam/cycle_counter.o
 .debug_frame   0x00000878      0x7c0 src/ASF/sam/drivers/pio/pio.o
 .debug_frame   0x00001038      0x1a4 src/ASF/sam/drivers/pio/pio_handler.o
 .debug_frame   0x000011dc      0x918 src/ASF/sam/drivers/pmc/pmc.o
 .debug_frame   0x00001af4      0x36c src/ASF/sam/drivers/twi/twi.o
 .debug_frame   0x00001e60      0xa7c src/ASF/sam/drivers/usart/usart.o
 .debug_frame   0x000028dc      0x100 src/ASF/sam/drivers/wdt/wdt.o
 .debug_frame   0x000029dc      0x274 src/camera.o
 .debug_frame   0x00002c50      0x154 src/main.o
 .debug_frame   0x00002da4      0x2c0 src/ov2640.o
 .debug_frame   0x00003064       0xe4 src/timer_interface.o
 .debug_frame   0x00003148       0x94 src/ASF/common/boards/user_board/init.o
 .debug_frame   0x000031dc       0x48 src/ASF/sam/utils/cmsis/sam4s/source/templates/gcc/startup_sam4s.o
 .debug_frame   0x00003224       0x78 src/ASF/sam/utils/cmsis/sam4s/source/templates/system_sam4s.o
 .debug_frame   0x0000329c      0x170 src/ASF/sam/utils/syscalls/gcc/syscalls.o
 .debug_frame   0x0000340c       0x2c c:/program files (x86)/atmel/studio/7.0/toolchain/arm/arm-gnu-toolchain/bin/../lib/gcc/arm-none-eabi/5.3.1/armv7e-m\libgcc.a(_aeabi_uldivmod.o)
 .debug_frame   0x00003438       0x34 c:/program files (x86)/atmel/studio/7.0/toolchain/arm/arm-gnu-toolchain/bin/../lib/gcc/arm-none-eabi/5.3.1/armv7e-m\libgcc.a(_udivmoddi4.o)
 .debug_frame   0x0000346c       0x2c c:/program files (x86)/atmel/studio/7.0/toolchain/arm/arm-gnu-toolchain/bin/../lib/gcc/arm-none-eabi/5.3.1/../../../../arm-none-eabi/lib/armv7e-m\libc.a(lib_a-init.o)
 .debug_frame   0x00003498       0x34 c:/program files (x86)/atmel/studio/7.0/toolchain/arm/arm-gnu-toolchain/bin/../lib/gcc/arm-none-eabi/5.3.1/../../../../arm-none-eabi/lib/armv7e-m\libc.a(lib_a-memset.o)
 .debug_frame   0x000034cc       0x84 c:/program files (x86)/atmel/studio/7.0/toolchain/arm/arm-gnu-toolchain/bin/../lib/gcc/arm-none-eabi/5.3.1/../../../../arm-none-eabi/lib/armv7e-m\libc.a(lib_a-sprintf.o)
 .debug_frame   0x00003550       0xd8 c:/program files (x86)/atmel/studio/7.0/toolchain/arm/arm-gnu-toolchain/bin/../lib/gcc/arm-none-eabi/5.3.1/../../../../arm-none-eabi/lib/armv7e-m\libc.a(lib_a-strstr.o)
 .debug_frame   0x00003628       0x44 c:/program files (x86)/atmel/studio/7.0/toolchain/arm/arm-gnu-toolchain/bin/../lib/gcc/arm-none-eabi/5.3.1/../../../../arm-none-eabi/lib/armv7e-m\libc.a(lib_a-svfprintf.o)
 .debug_frame   0x0000366c       0x50 c:/program files (x86)/atmel/studio/7.0/toolchain/arm/arm-gnu-toolchain/bin/../lib/gcc/arm-none-eabi/5.3.1/../../../../arm-none-eabi/lib/armv7e-m\libc.a(lib_a-__call_atexit.o)
 .debug_frame   0x000036bc       0x20 c:/program files (x86)/atmel/studio/7.0/toolchain/arm/arm-gnu-toolchain/bin/../lib/gcc/arm-none-eabi/5.3.1/../../../../arm-none-eabi/lib/armv7e-m\libc.a(lib_a-atexit.o)
 .debug_frame   0x000036dc       0x88 c:/program files (x86)/atmel/studio/7.0/toolchain/arm/arm-gnu-toolchain/bin/../lib/gcc/arm-none-eabi/5.3.1/../../../../arm-none-eabi/lib/armv7e-m\libc.a(lib_a-dtoa.o)
 .debug_frame   0x00003764       0x34 c:/program files (x86)/atmel/studio/7.0/toolchain/arm/arm-gnu-toolchain/bin/../lib/gcc/arm-none-eabi/5.3.1/../../../../arm-none-eabi/lib/armv7e-m\libc.a(lib_a-fini.o)
 .debug_frame   0x00003798       0x9c c:/program files (x86)/atmel/studio/7.0/toolchain/arm/arm-gnu-toolchain/bin/../lib/gcc/arm-none-eabi/5.3.1/../../../../arm-none-eabi/lib/armv7e-m\libc.a(lib_a-locale.o)
 .debug_frame   0x00003834       0x58 c:/program files (x86)/atmel/studio/7.0/toolchain/arm/arm-gnu-toolchain/bin/../lib/gcc/arm-none-eabi/5.3.1/../../../../arm-none-eabi/lib/armv7e-m\libc.a(lib_a-mallocr.o)
 .debug_frame   0x0000388c       0x38 c:/program files (x86)/atmel/studio/7.0/toolchain/arm/arm-gnu-toolchain/bin/../lib/gcc/arm-none-eabi/5.3.1/../../../../arm-none-eabi/lib/armv7e-m\libc.a(lib_a-memcmp.o)
 .debug_frame   0x000038c4       0x30 c:/program files (x86)/atmel/studio/7.0/toolchain/arm/arm-gnu-toolchain/bin/../lib/gcc/arm-none-eabi/5.3.1/../../../../arm-none-eabi/lib/armv7e-m\libc.a(lib_a-mlock.o)
 .debug_frame   0x000038f4      0x264 c:/program files (x86)/atmel/studio/7.0/toolchain/arm/arm-gnu-toolchain/bin/../lib/gcc/arm-none-eabi/5.3.1/../../../../arm-none-eabi/lib/armv7e-m\libc.a(lib_a-mprec.o)
 .debug_frame   0x00003b58       0x2c c:/program files (x86)/atmel/studio/7.0/toolchain/arm/arm-gnu-toolchain/bin/../lib/gcc/arm-none-eabi/5.3.1/../../../../arm-none-eabi/lib/armv7e-m\libc.a(lib_a-sbrkr.o)
 .debug_frame   0x00003b84       0x4c c:/program files (x86)/atmel/studio/7.0/toolchain/arm/arm-gnu-toolchain/bin/../lib/gcc/arm-none-eabi/5.3.1/../../../../arm-none-eabi/lib/armv7e-m\libc.a(lib_a-strchr.o)
 .debug_frame   0x00003bd0       0x78 c:/program files (x86)/atmel/studio/7.0/toolchain/arm/arm-gnu-toolchain/bin/../lib/gcc/arm-none-eabi/5.3.1/../../../../arm-none-eabi/lib/armv7e-m\libc.a(lib_a-svfiprintf.o)
 .debug_frame   0x00003c48       0x34 c:/program files (x86)/atmel/studio/7.0/toolchain/arm/arm-gnu-toolchain/bin/../lib/gcc/arm-none-eabi/5.3.1/../../../../arm-none-eabi/lib/armv7e-m\libc.a(lib_a-__atexit.o)
 .debug_frame   0x00003c7c       0x28 c:/program files (x86)/atmel/studio/7.0/toolchain/arm/arm-gnu-toolchain/bin/../lib/gcc/arm-none-eabi/5.3.1/../../../../arm-none-eabi/lib/armv7e-m\libc.a(lib_a-callocr.o)
 .debug_frame   0x00003ca4       0x74 c:/program files (x86)/atmel/studio/7.0/toolchain/arm/arm-gnu-toolchain/bin/../lib/gcc/arm-none-eabi/5.3.1/../../../../arm-none-eabi/lib/armv7e-m\libc.a(lib_a-freer.o)
 .debug_frame   0x00003d18       0x30 c:/program files (x86)/atmel/studio/7.0/toolchain/arm/arm-gnu-toolchain/bin/../lib/gcc/arm-none-eabi/5.3.1/../../../../arm-none-eabi/lib/armv7e-m\libc.a(lib_a-memmove.o)
 .debug_frame   0x00003d48       0x60 c:/program files (x86)/atmel/studio/7.0/toolchain/arm/arm-gnu-toolchain/bin/../lib/gcc/arm-none-eabi/5.3.1/../../../../arm-none-eabi/lib/armv7e-m\libc.a(lib_a-reallocr.o)
 .debug_frame   0x00003da8       0x58 c:/program files (x86)/atmel/studio/7.0/toolchain/arm/arm-gnu-toolchain/bin/../lib/gcc/arm-none-eabi/5.3.1/../../../../arm-none-eabi/lib/armv7e-m\libc.a(lib_a-reent.o)

Cross Reference Table

Symbol                                            File
ACC_Handler                                       src/ASF/sam/utils/cmsis/sam4s/source/templates/gcc/startup_sam4s.o
ADC_Handler                                       src/ASF/sam/utils/cmsis/sam4s/source/templates/gcc/startup_sam4s.o
BusFault_Handler                                  src/ASF/sam/utils/cmsis/sam4s/source/templates/gcc/startup_sam4s.o
CRCCU_Handler                                     src/ASF/sam/utils/cmsis/sam4s/source/templates/gcc/startup_sam4s.o
DACC_Handler                                      src/ASF/sam/utils/cmsis/sam4s/source/templates/gcc/startup_sam4s.o
DebugMon_Handler                                  src/ASF/sam/utils/cmsis/sam4s/source/templates/gcc/startup_sam4s.o
Dummy_Handler                                     src/ASF/sam/utils/cmsis/sam4s/source/templates/gcc/startup_sam4s.o